2026-09-16 08:50:00 [INFO] SmarTyper application started
2026-09-16 08:50:00 [INFO] Hardware: OS = Ubuntu 24.04.4 LTS (Linux-6.18.33.2-microsoft-standard-WSL2-x86_64-with-glibc2.39, x86_64), Python = 3.12.3, CPU = 12th Gen Intel(R) Core(TM) i5-1245U, CPU speed = 2496.0 MHz, CPU threads = 12, total memory = 31.04 GB, available memory = 28.3 GB, memory speed = unavailable (requires root/dmidecode), memory = unavailable (requires root/dmidecode), memory bandwidth = 848.9 MB/s (measured copy throughput), disk total = 1006.85 GB, disk free = 878.18 GB, disk drive = Msft Virtual Disk, disk speed = 341.0 MB/s (measured write throughput)
2026-09-16 08:50:40 [INFO] Starting genotype tab update...
2026-09-16 08:50:40 [INFO] No assigned reads found, skipping genotype tab update.
2026-09-16 08:50:40 [INFO] Starting genotype tab update...
2026-09-16 08:50:40 [INFO] No assigned reads found, skipping genotype tab update.
2026-09-16 08:50:48 [INFO] reading loci file: /home/liup/project/data/smartyper/par/bc/loc.txt
2026-09-16 08:50:48 [INFO] total 224 markers read from loci file
2026-09-16 08:50:48 [INFO] total 224 markers read from loci file
2026-09-16 08:51:07 [INFO] begain to initiate sam_mar_dict
2026-09-16 08:51:07 [INFO] begain to initiate dicts
2026-09-16 08:51:07 [INFO] finished to initiate assigned_reads_dict
2026-09-16 08:51:07 [INFO] finished to initiate sam_amp_dir
2026-09-16 08:51:07 [INFO] finished to initiate sam_micro_dir
2026-09-16 08:51:08 [INFO] finished to initiate sam_mar_ml_dir
2026-09-16 08:51:08 [INFO] finished to initiate dicts
2026-09-16 08:51:08 [INFO] finished to initiate sam_mar_dict
2026-09-16 08:51:18 [INFO] Parameters snapshot - seq2type run
2026-09-16 08:51:18 [INFO]   analtype = snp
2026-09-16 08:51:18 [INFO]   seqtype = pe
2026-09-16 08:51:18 [INFO]   sexfile = 
2026-09-16 08:51:18 [INFO]   locifile = /home/liup/project/data/smartyper/par/bc/loc.txt
2026-09-16 08:51:18 [INFO]   inputdir = /home/liup/project/data/smartyper/par/bc/raw
2026-09-16 08:51:18 [INFO]   outputdir = /home/liup/project/data/smartyper/par/bc/out
2026-09-16 08:51:18 [INFO]   projectdir = 
2026-09-16 08:51:18 [INFO]   samplefile = /home/liup/project/data/smartyper/par/bc/sample.txt
2026-09-16 08:51:18 [INFO]   mlinputfile = 
2026-09-16 08:51:18 [INFO]   mloutputdir = 
2026-09-16 08:51:18 [INFO]   mlmodelinputfile = 
2026-09-16 08:51:18 [INFO]   mlmodel = False
2026-09-16 08:51:18 [INFO]   num_samples = 0
2026-09-16 08:51:18 [INFO]   project_genotype_model = False
2026-09-16 08:51:18 [INFO]   project_microtype_model = False
2026-09-16 08:51:18 [INFO]   outputgenotypeproject = project_genotype_session.dill
2026-09-16 08:51:18 [INFO]   outputmicrotypeproject = project_microtype_session.dill
2026-09-16 08:51:18 [INFO]   maxMismatchesPSeq = 4
2026-09-16 08:51:18 [INFO]   minReads4Locus = 30
2026-09-16 08:51:18 [INFO]   minReads4Allele = 10
2026-09-16 08:51:18 [INFO]   smProp1H = 0.8
2026-09-16 08:51:18 [INFO]   smProp1L = 0.72
2026-09-16 08:51:18 [INFO]   mmProp1H = 0.8
2026-09-16 08:51:18 [INFO]   mmProp1L = 0.78
2026-09-16 08:51:18 [INFO]   mProp2 = 0.7
2026-09-16 08:51:18 [INFO]   maxRVs4Align = 6
2026-09-16 08:51:18 [INFO]   maxMismatchesPSeqSex = 4
2026-09-16 08:51:18 [INFO]   maxMismatchesRefSeqSex = 4
2026-09-16 08:51:18 [INFO]   yxRatio = 0.0001
2026-09-16 08:51:18 [INFO]   minReadsSexAllele = 10
2026-09-16 08:51:18 [INFO]   minReadsSexVariant = 5
2026-09-16 08:51:18 [INFO]   sex_analysis = False
2026-09-16 08:51:18 [INFO]   nanopore_default = False
2026-09-16 08:51:18 [INFO]   revcomloci = False
2026-09-16 08:51:18 [INFO]   revcomsex = False
2026-09-16 08:51:18 [INFO]   average_qual = 20
2026-09-16 08:51:18 [INFO]   length_required = 30
2026-09-16 08:51:18 [INFO]   thread = 10
2026-09-16 08:51:18 [INFO]   cur_microhap_input_file = 
2026-09-16 08:51:18 [INFO]   pre_microhap_input_file = 
2026-09-16 08:51:18 [INFO]   post_microhap_output_dir = 
2026-09-16 08:51:18 [INFO]   include_pre_mh = True
2026-09-16 08:51:18 [INFO]   has_pre_mh = False
2026-09-16 08:51:18 [INFO]   pro_figure = True
2026-09-16 08:51:18 [INFO]   ml_training_ratio = 0.8
2026-09-16 08:51:18 [INFO] seqtyper command for sample SRR10717863: seqtyper --var snp --loc /home/liup/project/data/smartyper/par/bc/loc.txt --minReads4Locus 30 --maxMismatchesPSeq 4 --thread 10 --average_qual 20 --length_required 30 --smProp1H 0.8 --smProp1L 0.72 --mmProp1H 0.8 --mmProp1L 0.78 --mProp2 0.7 --minReads4Allele 10 --maxRVs4Align 6 --prefix /home/liup/project/data/smartyper/par/bc/out/SRR10717863 --in1 /home/liup/project/data/smartyper/par/bc/raw/SRR10717863_R1.fastq.gz --in2 /home/liup/project/data/smartyper/par/bc/raw/SRR10717863_R2.fastq.gz --verbose
2026-09-16 08:51:18 [INFO] seqtyper command for sample SRR10717889: seqtyper --var snp --loc /home/liup/project/data/smartyper/par/bc/loc.txt --minReads4Locus 30 --maxMismatchesPSeq 4 --thread 10 --average_qual 20 --length_required 30 --smProp1H 0.8 --smProp1L 0.72 --mmProp1H 0.8 --mmProp1L 0.78 --mProp2 0.7 --minReads4Allele 10 --maxRVs4Align 6 --prefix /home/liup/project/data/smartyper/par/bc/out/SRR10717889 --in1 /home/liup/project/data/smartyper/par/bc/raw/SRR10717889_R1.fastq.gz --in2 /home/liup/project/data/smartyper/par/bc/raw/SRR10717889_R2.fastq.gz --verbose
2026-09-16 08:51:18 [INFO] starting to run seq2type
2026-09-16 08:51:18 [INFO] Starting Seq2Type for genotyping!


2026-09-16 08:51:18 [INFO] ---------------------------------------------------------start index: 1--------------------------------------------------

2026-09-16 08:51:18 [INFO] Start to process sample: SRR10717863, 1 out of 2 samples

2026-09-16 08:51:18 [INFO] Running Seq2Type for sample: SRR10717863, this is slow and please be patient!

2026-09-16 08:51:18 [INFO] Reading locus file: /home/liup/project/data/smartyper/par/bc/loc.txt

2026-09-16 08:51:18 [INFO] Read loci of: 224

2026-09-16 08:51:18 [INFO] start to load data

2026-09-16 08:51:21 [INFO] all reads loaded, start to monitor thread status

2026-09-16 08:51:22 [INFO] thread 2 is processing the 10 / 308 pack

2026-09-16 08:51:22 [INFO] thread 4 is processing the 11 / 308 pack

2026-09-16 08:51:22 [INFO] thread 5 is processing the 12 / 308 pack

2026-09-16 08:51:22 [INFO] thread 8 is processing the 13 / 308 pack

2026-09-16 08:51:22 [INFO] thread 7 is processing the 14 / 308 pack

2026-09-16 08:51:22 [INFO] thread 3 is processing the 15 / 308 pack

2026-09-16 08:51:23 [INFO] thread 1 is processing the 16 / 308 pack

2026-09-16 08:51:23 [INFO] thread 10 is processing the 17 / 308 pack

2026-09-16 08:51:23 [INFO] thread 6 is processing the 18 / 308 pack

2026-09-16 08:51:23 [INFO] thread 9 is processing the 19 / 308 pack

2026-09-16 08:51:26 [INFO] thread 2 is processing the 20 / 308 pack

2026-09-16 08:51:26 [INFO] thread 4 is processing the 21 / 308 pack

2026-09-16 08:51:26 [INFO] thread 5 is processing the 22 / 308 pack

2026-09-16 08:51:27 [INFO] thread 8 is processing the 23 / 308 pack

2026-09-16 08:51:27 [INFO] thread 1 is processing the 24 / 308 pack

2026-09-16 08:51:27 [INFO] thread 3 is processing the 25 / 308 pack

2026-09-16 08:51:27 [INFO] thread 7 is processing the 26 / 308 pack

2026-09-16 08:51:28 [INFO] thread 10 is processing the 27 / 308 pack

2026-09-16 08:51:28 [INFO] thread 9 is processing the 28 / 308 pack

2026-09-16 08:51:28 [INFO] thread 6 is processing the 29 / 308 pack

2026-09-16 08:51:32 [INFO] thread 5 is processing the 30 / 308 pack

2026-09-16 08:51:32 [INFO] thread 4 is processing the 31 / 308 pack

2026-09-16 08:51:32 [INFO] thread 2 is processing the 32 / 308 pack

2026-09-16 08:51:32 [INFO] thread 1 is processing the 33 / 308 pack

2026-09-16 08:51:33 [INFO] thread 8 is processing the 34 / 308 pack

2026-09-16 08:51:33 [INFO] thread 3 is processing the 35 / 308 pack

2026-09-16 08:51:34 [INFO] thread 10 is processing the 36 / 308 pack

2026-09-16 08:51:34 [INFO] thread 7 is processing the 37 / 308 pack

2026-09-16 08:51:35 [INFO] thread 9 is processing the 38 / 308 pack

2026-09-16 08:51:35 [INFO] thread 6 is processing the 39 / 308 pack

2026-09-16 08:51:38 [INFO] thread 5 is processing the 40 / 308 pack

2026-09-16 08:51:38 [INFO] thread 4 is processing the 41 / 308 pack

2026-09-16 08:51:38 [INFO] thread 3 is processing the 42 / 308 pack

2026-09-16 08:51:38 [INFO] thread 1 is processing the 43 / 308 pack

2026-09-16 08:51:38 [INFO] thread 2 is processing the 44 / 308 pack

2026-09-16 08:51:38 [INFO] thread 8 is processing the 45 / 308 pack

2026-09-16 08:51:39 [INFO] thread 10 is processing the 46 / 308 pack

2026-09-16 08:51:39 [INFO] thread 7 is processing the 47 / 308 pack

2026-09-16 08:51:40 [INFO] thread 9 is processing the 48 / 308 pack

2026-09-16 08:51:40 [INFO] thread 6 is processing the 49 / 308 pack

2026-09-16 08:51:43 [INFO] thread 5 is processing the 50 / 308 pack

2026-09-16 08:51:43 [INFO] thread 4 is processing the 51 / 308 pack

2026-09-16 08:51:43 [INFO] thread 1 is processing the 52 / 308 pack

2026-09-16 08:51:44 [INFO] thread 3 is processing the 53 / 308 pack

2026-09-16 08:51:44 [INFO] thread 2 is processing the 54 / 308 pack

2026-09-16 08:51:44 [INFO] thread 8 is processing the 55 / 308 pack

2026-09-16 08:51:45 [INFO] thread 7 is processing the 56 / 308 pack

2026-09-16 08:51:45 [INFO] thread 10 is processing the 57 / 308 pack

2026-09-16 08:51:45 [INFO] thread 9 is processing the 58 / 308 pack

2026-09-16 08:51:46 [INFO] thread 6 is processing the 59 / 308 pack

2026-09-16 08:51:50 [INFO] thread 5 is processing the 60 / 308 pack

2026-09-16 08:51:50 [INFO] thread 4 is processing the 61 / 308 pack

2026-09-16 08:51:51 [INFO] thread 3 is processing the 62 / 308 pack

2026-09-16 08:51:51 [INFO] thread 1 is processing the 63 / 308 pack

2026-09-16 08:51:51 [INFO] thread 2 is processing the 64 / 308 pack

2026-09-16 08:51:51 [INFO] thread 8 is processing the 65 / 308 pack

2026-09-16 08:51:52 [INFO] thread 10 is processing the 66 / 308 pack

2026-09-16 08:51:52 [INFO] thread 9 is processing the 67 / 308 pack

2026-09-16 08:51:52 [INFO] thread 7 is processing the 68 / 308 pack

2026-09-16 08:51:52 [INFO] thread 6 is processing the 69 / 308 pack

2026-09-16 08:51:55 [INFO] thread 3 is processing the 70 / 308 pack

2026-09-16 08:51:55 [INFO] thread 2 is processing the 71 / 308 pack

2026-09-16 08:51:55 [INFO] thread 4 is processing the 72 / 308 pack

2026-09-16 08:51:55 [INFO] thread 8 is processing the 73 / 308 pack

2026-09-16 08:51:55 [INFO] thread 5 is processing the 74 / 308 pack

2026-09-16 08:51:56 [INFO] thread 1 is processing the 75 / 308 pack

2026-09-16 08:51:56 [INFO] thread 9 is processing the 76 / 308 pack

2026-09-16 08:51:56 [INFO] thread 10 is processing the 77 / 308 pack

2026-09-16 08:51:56 [INFO] thread 7 is processing the 78 / 308 pack

2026-09-16 08:51:57 [INFO] thread 6 is processing the 79 / 308 pack

2026-09-16 08:51:58 [INFO] thread 3 is processing the 80 / 308 pack

2026-09-16 08:51:59 [INFO] thread 2 is processing the 81 / 308 pack

2026-09-16 08:51:59 [INFO] thread 4 is processing the 82 / 308 pack

2026-09-16 08:51:59 [INFO] thread 5 is processing the 83 / 308 pack

2026-09-16 08:52:00 [INFO] thread 8 is processing the 84 / 308 pack

2026-09-16 08:52:00 [INFO] thread 10 is processing the 85 / 308 pack

2026-09-16 08:52:00 [INFO] thread 9 is processing the 86 / 308 pack

2026-09-16 08:52:00 [INFO] thread 1 is processing the 87 / 308 pack

2026-09-16 08:52:01 [INFO] thread 7 is processing the 88 / 308 pack

2026-09-16 08:52:03 [INFO] thread 6 is processing the 89 / 308 pack

2026-09-16 08:52:03 [INFO] thread 3 is processing the 90 / 308 pack

2026-09-16 08:52:03 [INFO] thread 2 is processing the 91 / 308 pack

2026-09-16 08:52:04 [INFO] thread 4 is processing the 92 / 308 pack

2026-09-16 08:52:04 [INFO] thread 8 is processing the 93 / 308 pack

2026-09-16 08:52:04 [INFO] thread 10 is processing the 94 / 308 pack

2026-09-16 08:52:05 [INFO] thread 7 is processing the 95 / 308 pack

2026-09-16 08:52:05 [INFO] thread 9 is processing the 96 / 308 pack

2026-09-16 08:52:06 [INFO] thread 5 is processing the 97 / 308 pack

2026-09-16 08:52:06 [INFO] thread 1 is processing the 98 / 308 pack

2026-09-16 08:52:07 [INFO] thread 2 is processing the 99 / 308 pack

2026-09-16 08:52:08 [INFO] thread 3 is processing the 100 / 308 pack

2026-09-16 08:52:08 [INFO] thread 4 is processing the 101 / 308 pack

2026-09-16 08:52:08 [INFO] thread 6 is processing the 102 / 308 pack

2026-09-16 08:52:08 [INFO] thread 8 is processing the 103 / 308 pack

2026-09-16 08:52:09 [INFO] thread 10 is processing the 104 / 308 pack

2026-09-16 08:52:09 [INFO] thread 9 is processing the 105 / 308 pack

2026-09-16 08:52:09 [INFO] thread 7 is processing the 106 / 308 pack

2026-09-16 08:52:12 [INFO] thread 2 is processing the 107 / 308 pack

2026-09-16 08:52:12 [INFO] thread 5 is processing the 108 / 308 pack

2026-09-16 08:52:12 [INFO] thread 1 is processing the 109 / 308 pack

2026-09-16 08:52:12 [INFO] thread 3 is processing the 110 / 308 pack

2026-09-16 08:52:12 [INFO] thread 4 is processing the 111 / 308 pack

2026-09-16 08:52:13 [INFO] thread 8 is processing the 112 / 308 pack

2026-09-16 08:52:13 [INFO] thread 10 is processing the 113 / 308 pack

2026-09-16 08:52:13 [INFO] thread 7 is processing the 114 / 308 pack

2026-09-16 08:52:13 [INFO] thread 9 is processing the 115 / 308 pack

2026-09-16 08:52:13 [INFO] thread 6 is processing the 116 / 308 pack

2026-09-16 08:52:15 [INFO] thread 2 is processing the 117 / 308 pack

2026-09-16 08:52:16 [INFO] thread 3 is processing the 118 / 308 pack

2026-09-16 08:52:16 [INFO] thread 4 is processing the 119 / 308 pack

2026-09-16 08:52:16 [INFO] thread 5 is processing the 120 / 308 pack

2026-09-16 08:52:16 [INFO] thread 1 is processing the 121 / 308 pack

2026-09-16 08:52:17 [INFO] thread 10 is processing the 122 / 308 pack

2026-09-16 08:52:17 [INFO] thread 8 is processing the 123 / 308 pack

2026-09-16 08:52:18 [INFO] thread 7 is processing the 124 / 308 pack

2026-09-16 08:52:18 [INFO] thread 9 is processing the 125 / 308 pack

2026-09-16 08:52:18 [INFO] thread 6 is processing the 126 / 308 pack

2026-09-16 08:52:19 [INFO] thread 2 is processing the 127 / 308 pack

2026-09-16 08:52:20 [INFO] thread 4 is processing the 128 / 308 pack

2026-09-16 08:52:20 [INFO] thread 3 is processing the 129 / 308 pack

2026-09-16 08:52:20 [INFO] thread 5 is processing the 130 / 308 pack

2026-09-16 08:52:20 [INFO] thread 1 is processing the 131 / 308 pack

2026-09-16 08:52:20 [INFO] thread 10 is processing the 132 / 308 pack

2026-09-16 08:52:21 [INFO] thread 8 is processing the 133 / 308 pack

2026-09-16 08:52:21 [INFO] thread 9 is processing the 134 / 308 pack

2026-09-16 08:52:21 [INFO] thread 7 is processing the 135 / 308 pack

2026-09-16 08:52:22 [INFO] thread 6 is processing the 136 / 308 pack

2026-09-16 08:52:23 [INFO] thread 2 is processing the 137 / 308 pack

2026-09-16 08:52:23 [INFO] thread 4 is processing the 138 / 308 pack

2026-09-16 08:52:23 [INFO] thread 3 is processing the 139 / 308 pack

2026-09-16 08:52:24 [INFO] thread 1 is processing the 140 / 308 pack

2026-09-16 08:52:24 [INFO] thread 5 is processing the 141 / 308 pack

2026-09-16 08:52:24 [INFO] thread 10 is processing the 142 / 308 pack

2026-09-16 08:52:24 [INFO] thread 8 is processing the 143 / 308 pack

2026-09-16 08:52:24 [INFO] thread 7 is processing the 144 / 308 pack

2026-09-16 08:52:24 [INFO] thread 9 is processing the 145 / 308 pack

2026-09-16 08:52:25 [INFO] thread 6 is processing the 146 / 308 pack

2026-09-16 08:52:26 [INFO] thread 2 is processing the 147 / 308 pack

2026-09-16 08:52:27 [INFO] thread 4 is processing the 148 / 308 pack

2026-09-16 08:52:27 [INFO] thread 3 is processing the 149 / 308 pack

2026-09-16 08:52:27 [INFO] thread 5 is processing the 150 / 308 pack

2026-09-16 08:52:27 [INFO] thread 10 is processing the 151 / 308 pack

2026-09-16 08:52:27 [INFO] thread 1 is processing the 152 / 308 pack

2026-09-16 08:52:28 [INFO] thread 8 is processing the 153 / 308 pack

2026-09-16 08:52:28 [INFO] thread 7 is processing the 154 / 308 pack

2026-09-16 08:52:28 [INFO] thread 9 is processing the 155 / 308 pack

2026-09-16 08:52:30 [INFO] thread 2 is processing the 156 / 308 pack

2026-09-16 08:52:30 [INFO] thread 6 is processing the 157 / 308 pack

2026-09-16 08:52:31 [INFO] thread 4 is processing the 158 / 308 pack

2026-09-16 08:52:31 [INFO] thread 3 is processing the 159 / 308 pack

2026-09-16 08:52:31 [INFO] thread 10 is processing the 160 / 308 pack

2026-09-16 08:52:32 [INFO] thread 7 is processing the 161 / 308 pack

2026-09-16 08:52:33 [INFO] thread 9 is processing the 162 / 308 pack

2026-09-16 08:52:33 [INFO] thread 5 is processing the 163 / 308 pack

2026-09-16 08:52:33 [INFO] thread 8 is processing the 164 / 308 pack

2026-09-16 08:52:33 [INFO] thread 1 is processing the 165 / 308 pack

2026-09-16 08:52:34 [INFO] thread 2 is processing the 166 / 308 pack

2026-09-16 08:52:34 [INFO] thread 6 is processing the 167 / 308 pack

2026-09-16 08:52:35 [INFO] thread 4 is processing the 168 / 308 pack

2026-09-16 08:52:35 [INFO] thread 3 is processing the 169 / 308 pack

2026-09-16 08:52:35 [INFO] thread 10 is processing the 170 / 308 pack

2026-09-16 08:52:36 [INFO] thread 7 is processing the 171 / 308 pack

2026-09-16 08:52:37 [INFO] thread 9 is processing the 172 / 308 pack

2026-09-16 08:52:37 [INFO] thread 5 is processing the 173 / 308 pack

2026-09-16 08:52:37 [INFO] thread 8 is processing the 174 / 308 pack

2026-09-16 08:52:38 [INFO] thread 1 is processing the 175 / 308 pack

2026-09-16 08:52:38 [INFO] thread 6 is processing the 176 / 308 pack

2026-09-16 08:52:39 [INFO] thread 2 is processing the 177 / 308 pack

2026-09-16 08:52:39 [INFO] thread 4 is processing the 178 / 308 pack

2026-09-16 08:52:39 [INFO] thread 3 is processing the 179 / 308 pack

2026-09-16 08:52:40 [INFO] thread 10 is processing the 180 / 308 pack

2026-09-16 08:52:40 [INFO] thread 7 is processing the 181 / 308 pack

2026-09-16 08:52:41 [INFO] thread 9 is processing the 182 / 308 pack

2026-09-16 08:52:41 [INFO] thread 5 is processing the 183 / 308 pack

2026-09-16 08:52:42 [INFO] thread 8 is processing the 184 / 308 pack

2026-09-16 08:52:43 [INFO] thread 2 is processing the 185 / 308 pack

2026-09-16 08:52:43 [INFO] thread 6 is processing the 186 / 308 pack

2026-09-16 08:52:44 [INFO] thread 4 is processing the 187 / 308 pack

2026-09-16 08:52:44 [INFO] thread 1 is processing the 188 / 308 pack

2026-09-16 08:52:44 [INFO] thread 3 is processing the 189 / 308 pack

2026-09-16 08:52:45 [INFO] thread 10 is processing the 190 / 308 pack

2026-09-16 08:52:45 [INFO] thread 7 is processing the 191 / 308 pack

2026-09-16 08:52:46 [INFO] thread 9 is processing the 192 / 308 pack

2026-09-16 08:52:46 [INFO] thread 5 is processing the 193 / 308 pack

2026-09-16 08:52:48 [INFO] thread 4 is processing the 194 / 308 pack

2026-09-16 08:52:48 [INFO] thread 6 is processing the 195 / 308 pack

2026-09-16 08:52:48 [INFO] thread 2 is processing the 196 / 308 pack

2026-09-16 08:52:49 [INFO] thread 8 is processing the 197 / 308 pack

2026-09-16 08:52:49 [INFO] thread 3 is processing the 198 / 308 pack

2026-09-16 08:52:49 [INFO] thread 10 is processing the 199 / 308 pack

2026-09-16 08:52:50 [INFO] thread 7 is processing the 200 / 308 pack

2026-09-16 08:52:50 [INFO] thread 1 is processing the 201 / 308 pack

2026-09-16 08:52:51 [INFO] thread 9 is processing the 202 / 308 pack

2026-09-16 08:52:51 [INFO] thread 5 is processing the 203 / 308 pack

2026-09-16 08:52:52 [INFO] thread 4 is processing the 204 / 308 pack

2026-09-16 08:52:52 [INFO] thread 6 is processing the 205 / 308 pack

2026-09-16 08:52:52 [INFO] thread 2 is processing the 206 / 308 pack

2026-09-16 08:52:52 [INFO] thread 3 is processing the 207 / 308 pack

2026-09-16 08:52:53 [INFO] thread 10 is processing the 208 / 308 pack

2026-09-16 08:52:53 [INFO] thread 8 is processing the 209 / 308 pack

2026-09-16 08:52:53 [INFO] thread 7 is processing the 210 / 308 pack

2026-09-16 08:52:53 [INFO] thread 1 is processing the 211 / 308 pack

2026-09-16 08:52:54 [INFO] thread 9 is processing the 212 / 308 pack

2026-09-16 08:52:54 [INFO] thread 5 is processing the 213 / 308 pack

2026-09-16 08:52:55 [INFO] thread 6 is processing the 214 / 308 pack

2026-09-16 08:52:55 [INFO] thread 4 is processing the 215 / 308 pack

2026-09-16 08:52:56 [INFO] thread 2 is processing the 216 / 308 pack

2026-09-16 08:52:56 [INFO] thread 3 is processing the 217 / 308 pack

2026-09-16 08:52:57 [INFO] thread 10 is processing the 218 / 308 pack

2026-09-16 08:52:57 [INFO] thread 7 is processing the 219 / 308 pack

2026-09-16 08:52:57 [INFO] thread 8 is processing the 220 / 308 pack

2026-09-16 08:52:57 [INFO] thread 1 is processing the 221 / 308 pack

2026-09-16 08:52:57 [INFO] thread 9 is processing the 222 / 308 pack

2026-09-16 08:52:58 [INFO] thread 5 is processing the 223 / 308 pack

2026-09-16 08:52:59 [INFO] thread 6 is processing the 224 / 308 pack

2026-09-16 08:52:59 [INFO] thread 2 is processing the 225 / 308 pack

2026-09-16 08:52:59 [INFO] thread 4 is processing the 226 / 308 pack

2026-09-16 08:53:00 [INFO] thread 3 is processing the 227 / 308 pack

2026-09-16 08:53:00 [INFO] thread 10 is processing the 228 / 308 pack

2026-09-16 08:53:01 [INFO] thread 7 is processing the 229 / 308 pack

2026-09-16 08:53:01 [INFO] thread 8 is processing the 230 / 308 pack

2026-09-16 08:53:01 [INFO] thread 1 is processing the 231 / 308 pack

2026-09-16 08:53:01 [INFO] thread 5 is processing the 232 / 308 pack

2026-09-16 08:53:01 [INFO] thread 9 is processing the 233 / 308 pack

2026-09-16 08:53:02 [INFO] thread 6 is processing the 234 / 308 pack

2026-09-16 08:53:02 [INFO] thread 4 is processing the 235 / 308 pack

2026-09-16 08:53:03 [INFO] thread 2 is processing the 236 / 308 pack

2026-09-16 08:53:03 [INFO] thread 3 is processing the 237 / 308 pack

2026-09-16 08:53:04 [INFO] thread 10 is processing the 238 / 308 pack

2026-09-16 08:53:04 [INFO] thread 7 is processing the 239 / 308 pack

2026-09-16 08:53:04 [INFO] thread 8 is processing the 240 / 308 pack

2026-09-16 08:53:05 [INFO] thread 1 is processing the 241 / 308 pack

2026-09-16 08:53:05 [INFO] thread 5 is processing the 242 / 308 pack

2026-09-16 08:53:05 [INFO] thread 9 is processing the 243 / 308 pack

2026-09-16 08:53:06 [INFO] thread 6 is processing the 244 / 308 pack

2026-09-16 08:53:06 [INFO] thread 4 is processing the 245 / 308 pack

2026-09-16 08:53:06 [INFO] thread 2 is processing the 246 / 308 pack

2026-09-16 08:53:07 [INFO] thread 3 is processing the 247 / 308 pack

2026-09-16 08:53:07 [INFO] thread 10 is processing the 248 / 308 pack

2026-09-16 08:53:08 [INFO] thread 7 is processing the 249 / 308 pack

2026-09-16 08:53:08 [INFO] thread 8 is processing the 250 / 308 pack

2026-09-16 08:53:09 [INFO] thread 1 is processing the 251 / 308 pack

2026-09-16 08:53:09 [INFO] thread 5 is processing the 252 / 308 pack

2026-09-16 08:53:09 [INFO] thread 9 is processing the 253 / 308 pack

2026-09-16 08:53:10 [INFO] thread 6 is processing the 254 / 308 pack

2026-09-16 08:53:10 [INFO] thread 2 is processing the 255 / 308 pack

2026-09-16 08:53:10 [INFO] thread 4 is processing the 256 / 308 pack

2026-09-16 08:53:11 [INFO] thread 3 is processing the 257 / 308 pack

2026-09-16 08:53:11 [INFO] thread 7 is processing the 258 / 308 pack

2026-09-16 08:53:11 [INFO] thread 10 is processing the 259 / 308 pack

2026-09-16 08:53:12 [INFO] thread 8 is processing the 260 / 308 pack

2026-09-16 08:53:12 [INFO] thread 5 is processing the 261 / 308 pack

2026-09-16 08:53:12 [INFO] thread 9 is processing the 262 / 308 pack

2026-09-16 08:53:12 [INFO] thread 1 is processing the 263 / 308 pack

2026-09-16 08:53:13 [INFO] thread 6 is processing the 264 / 308 pack

2026-09-16 08:53:13 [INFO] thread 4 is processing the 265 / 308 pack

2026-09-16 08:53:13 [INFO] thread 2 is processing the 266 / 308 pack

2026-09-16 08:53:14 [INFO] thread 3 is processing the 267 / 308 pack

2026-09-16 08:53:15 [INFO] thread 7 is processing the 268 / 308 pack

2026-09-16 08:53:15 [INFO] thread 10 is processing the 269 / 308 pack

2026-09-16 08:53:15 [INFO] thread 9 is processing the 270 / 308 pack

2026-09-16 08:53:15 [INFO] thread 1 is processing the 271 / 308 pack

2026-09-16 08:53:15 [INFO] thread 8 is processing the 272 / 308 pack

2026-09-16 08:53:16 [INFO] thread 5 is processing the 273 / 308 pack

2026-09-16 08:53:16 [INFO] thread 6 is processing the 274 / 308 pack

2026-09-16 08:53:17 [INFO] thread 4 is processing the 275 / 308 pack

2026-09-16 08:53:17 [INFO] thread 2 is processing the 276 / 308 pack

2026-09-16 08:53:18 [INFO] thread 3 is processing the 277 / 308 pack

2026-09-16 08:53:18 [INFO] thread 7 is processing the 278 / 308 pack

2026-09-16 08:53:19 [INFO] thread 10 is processing the 279 / 308 pack

2026-09-16 08:53:19 [INFO] thread 9 is processing the 280 / 308 pack

2026-09-16 08:53:19 [INFO] thread 1 is processing the 281 / 308 pack

2026-09-16 08:53:19 [INFO] thread 8 is processing the 282 / 308 pack

2026-09-16 08:53:19 [INFO] thread 5 is processing the 283 / 308 pack

2026-09-16 08:53:20 [INFO] thread 4 is processing the 284 / 308 pack

2026-09-16 08:53:20 [INFO] thread 6 is processing the 285 / 308 pack

2026-09-16 08:53:20 [INFO] thread 2 is processing the 286 / 308 pack

2026-09-16 08:53:21 [INFO] thread 3 is processing the 287 / 308 pack

2026-09-16 08:53:22 [INFO] thread 7 is processing the 288 / 308 pack

2026-09-16 08:53:22 [INFO] thread 10 is processing the 289 / 308 pack

2026-09-16 08:53:22 [INFO] thread 9 is processing the 290 / 308 pack

2026-09-16 08:53:23 [INFO] thread 1 is processing the 291 / 308 pack

2026-09-16 08:53:23 [INFO] thread 8 is processing the 292 / 308 pack

2026-09-16 08:53:24 [INFO] thread 5 is processing the 293 / 308 pack

2026-09-16 08:53:24 [INFO] thread 6 is processing the 294 / 308 pack

2026-09-16 08:53:24 [INFO] thread 4 is processing the 295 / 308 pack

2026-09-16 08:53:24 [INFO] thread 2 is processing the 296 / 308 pack

2026-09-16 08:53:24 [INFO] thread 3 is processing the 297 / 308 pack

2026-09-16 08:53:25 [INFO] thread 7 is processing the 298 / 308 pack

2026-09-16 08:53:25 [INFO] thread 10 is processing the 299 / 308 pack

2026-09-16 08:53:26 [INFO] thread 9 is processing the 300 / 308 pack

2026-09-16 08:53:27 [INFO] thread 8 is processing the 301 / 308 pack

2026-09-16 08:53:27 [INFO] thread 1 is processing the 302 / 308 pack

2026-09-16 08:53:27 [INFO] thread 5 is processing the 303 / 308 pack

2026-09-16 08:53:27 [INFO] thread 6 is processing the 304 / 308 pack

2026-09-16 08:53:28 [INFO] thread 2 is processing the 305 / 308 pack

2026-09-16 08:53:28 [INFO] thread 4 is processing the 306 / 308 pack

2026-09-16 08:53:28 [INFO] thread 3 is processing the 307 / 308 pack

2026-09-16 08:53:29 [INFO] thread 9 data processing completed

2026-09-16 08:53:29 [INFO] thread 9 finished

2026-09-16 08:53:29 [INFO] thread 7 data processing completed

2026-09-16 08:53:29 [INFO] thread 7 finished

2026-09-16 08:53:29 [INFO] thread 10 data processing completed

2026-09-16 08:53:29 [INFO] thread 10 finished

2026-09-16 08:53:30 [INFO] thread 8 data processing completed

2026-09-16 08:53:30 [INFO] thread 8 finished

2026-09-16 08:53:30 [INFO] thread 1 data processing completed

2026-09-16 08:53:30 [INFO] thread 1 finished

2026-09-16 08:53:30 [INFO] thread 5 data processing completed

2026-09-16 08:53:31 [INFO] thread 5 finished

2026-09-16 08:53:31 [INFO] thread 6 data processing completed

2026-09-16 08:53:31 [INFO] thread 6 finished

2026-09-16 08:53:31 [INFO] thread 3 data processing completed

2026-09-16 08:53:31 [INFO] thread 3 finished

2026-09-16 08:53:31 [INFO] thread 2 data processing completed

2026-09-16 08:53:31 [INFO] thread 2 finished

2026-09-16 08:53:31 [INFO] thread 4 data processing completed

2026-09-16 08:53:31 [INFO] thread 4 finished

2026-09-16 08:53:31 [INFO] /home/liup/project/data/smartyper/par/bc/out/SRR10717863_output_reads.fastq.gz writer finished

2026-09-16 08:53:31 [INFO] start to generate reports

2026-09-16 08:53:31 [INFO] Starting to write SNV table!

2026-09-16 08:53:31 [INFO] starting to read geno output file for sample: SRR10717863
2026-09-16 08:53:31 [INFO] starting to read ml output file for sample: SRR10717863
2026-09-16 08:53:31 [INFO] starting to read ml file for sample: SRR10717863
2026-09-16 08:53:31 [INFO] finished to read ml file for sample: SRR10717863
2026-09-16 08:53:31 [INFO] starting to read microhap output file for sample: SRR10717863
2026-09-16 08:53:31 [INFO] starting to read sample SRR10717863 mh file
2026-09-16 08:53:31 [INFO] Starting to write haplotype table!

2026-09-16 08:53:31 [INFO] Starting to write ML haplotype table!

2026-09-16 08:53:32 [INFO] Starting to write amplicon table!

2026-09-16 08:53:32 [INFO] Starting to write error rate table!

2026-09-16 08:53:32 [INFO] Finished writing genotype table!

2026-09-16 08:53:32 [INFO] Finished writing ML haplotype table!

2026-09-16 08:53:32 [INFO] finished to read sample SRR10717863 mh file
2026-09-16 08:53:32 [INFO] starting to read amplicon output file for sample: SRR10717863
2026-09-16 08:53:32 [INFO] starting to read sample SRR10717863 amplicon file
2026-09-16 08:53:32 [INFO] Finished writing amplicon table!

2026-09-16 08:53:32 [INFO] Finished writing error rate table!

2026-09-16 08:53:32 [INFO] Duplication rate: 12.2263%

2026-09-16 08:53:32 [INFO] Insert size peak (evaluated by paired-end reads): 200

2026-09-16 08:53:32 [INFO] Finished Json report

2026-09-16 08:53:32 [INFO] Finished Html report

2026-09-16 08:53:32 [INFO] JSON report: /home/liup/project/data/smartyper/par/bc/out/SRR10717863.json

2026-09-16 08:53:32 [INFO] HTML report: /home/liup/project/data/smartyper/par/bc/out/SRR10717863.html

2026-09-16 08:53:32 [INFO] finished to read sample SRR10717863 amplicon file
2026-09-16 08:53:32 [INFO] starting to read snp file for sample: SRR10717863
2026-09-16 08:53:32 [INFO] starting to read snp file for sample: SRR10717863
2026-09-16 08:53:32 [INFO] finished to read snp file for sample: SRR10717863
2026-09-16 08:53:32 [INFO] finished to read geno output file for sample: SRR10717863
2026-09-16 08:53:32 [INFO] seqtyper --var snp --loc /home/liup/project/data/smartyper/par/bc/loc.txt --minReads4Locus 30 --maxMismatchesPSeq 4 --thread 10 --average_qual 20 --length_required 30 --smProp1H 0.8 --smProp1L 0.72 --mmProp1H 0.8 --mmProp1L 0.78 --mProp2 0.7 --minReads4Allele 10 --maxRVs4Align 6 --prefix /home/liup/project/data/smartyper/par/bc/out/SRR10717863 --in1 /home/liup/project/data/smartyper/par/bc/raw/SRR10717863_R1.fastq.gz --in2 /home/liup/project/data/smartyper/par/bc/raw/SRR10717863_R2.fastq.gz --verbose 

2026-09-16 08:53:32 [INFO] seq2typer v2.1.0.0, time used: 133 seconds

2026-09-16 08:53:32 [INFO] seq2typer v2.1.0.0, time used: 133 seconds

2026-09-16 08:53:32 [INFO] reading sample SRR10717863 outputs

2026-09-16 08:53:32 [INFO] reading sample SRR10717863 genotype done!

2026-09-16 08:53:33 [INFO] reading sample SRR10717863 reads done!

2026-09-16 08:53:34 [INFO] reading sample SRR10717863 jason file done!

2026-09-16 08:53:34 [INFO] ploting sample SRR10717863 reads quality done!

2026-09-16 08:53:34 [INFO] Finish the processing sample: SRR10717863, 1 out of 2 samples

2026-09-16 08:53:34 [INFO] ---------------------------------------------------------end index: 1----------------------------------------------------



2026-09-16 08:53:34 [INFO] ---------------------------------------------------------start index: 2--------------------------------------------------

2026-09-16 08:53:34 [INFO] Start to process sample: SRR10717889, 2 out of 2 samples

2026-09-16 08:53:34 [INFO] Running Seq2Type for sample: SRR10717889, this is slow and please be patient!

2026-09-16 08:53:34 [INFO] Reading locus file: /home/liup/project/data/smartyper/par/bc/loc.txt

2026-09-16 08:53:34 [INFO] Read loci of: 224

2026-09-16 08:53:34 [INFO] start to load data

2026-09-16 08:53:37 [INFO] all reads loaded, start to monitor thread status

2026-09-16 08:53:39 [INFO] thread 2 is processing the 10 / 305 pack

2026-09-16 08:53:39 [INFO] thread 9 is processing the 11 / 305 pack

2026-09-16 08:53:39 [INFO] thread 5 is processing the 12 / 305 pack

2026-09-16 08:53:39 [INFO] thread 7 is processing the 13 / 305 pack

2026-09-16 08:53:39 [INFO] thread 3 is processing the 14 / 305 pack

2026-09-16 08:53:39 [INFO] thread 4 is processing the 15 / 305 pack

2026-09-16 08:53:39 [INFO] thread 8 is processing the 16 / 305 pack

2026-09-16 08:53:39 [INFO] thread 1 is processing the 17 / 305 pack

2026-09-16 08:53:39 [INFO] thread 6 is processing the 18 / 305 pack

2026-09-16 08:53:39 [INFO] thread 10 is processing the 19 / 305 pack

2026-09-16 08:53:42 [INFO] thread 2 is processing the 20 / 305 pack

2026-09-16 08:53:43 [INFO] thread 4 is processing the 21 / 305 pack

2026-09-16 08:53:43 [INFO] thread 3 is processing the 22 / 305 pack

2026-09-16 08:53:43 [INFO] thread 5 is processing the 23 / 305 pack

2026-09-16 08:53:43 [INFO] thread 9 is processing the 24 / 305 pack

2026-09-16 08:53:43 [INFO] thread 1 is processing the 25 / 305 pack

2026-09-16 08:53:43 [INFO] thread 7 is processing the 26 / 305 pack

2026-09-16 08:53:43 [INFO] thread 8 is processing the 27 / 305 pack

2026-09-16 08:53:43 [INFO] thread 10 is processing the 28 / 305 pack

2026-09-16 08:53:43 [INFO] thread 6 is processing the 29 / 305 pack

2026-09-16 08:53:46 [INFO] thread 3 is processing the 30 / 305 pack

2026-09-16 08:53:46 [INFO] thread 4 is processing the 31 / 305 pack

2026-09-16 08:53:46 [INFO] thread 5 is processing the 32 / 305 pack

2026-09-16 08:53:46 [INFO] thread 9 is processing the 33 / 305 pack

2026-09-16 08:53:46 [INFO] thread 2 is processing the 34 / 305 pack

2026-09-16 08:53:47 [INFO] thread 1 is processing the 35 / 305 pack

2026-09-16 08:53:47 [INFO] thread 10 is processing the 36 / 305 pack

2026-09-16 08:53:47 [INFO] thread 7 is processing the 37 / 305 pack

2026-09-16 08:53:47 [INFO] thread 8 is processing the 38 / 305 pack

2026-09-16 08:53:47 [INFO] thread 6 is processing the 39 / 305 pack

2026-09-16 08:53:49 [INFO] thread 3 is processing the 40 / 305 pack

2026-09-16 08:53:50 [INFO] thread 2 is processing the 41 / 305 pack

2026-09-16 08:53:50 [INFO] thread 4 is processing the 42 / 305 pack

2026-09-16 08:53:50 [INFO] thread 5 is processing the 43 / 305 pack

2026-09-16 08:53:50 [INFO] thread 10 is processing the 44 / 305 pack

2026-09-16 08:53:50 [INFO] thread 1 is processing the 45 / 305 pack

2026-09-16 08:53:50 [INFO] thread 9 is processing the 46 / 305 pack

2026-09-16 08:53:50 [INFO] thread 7 is processing the 47 / 305 pack

2026-09-16 08:53:50 [INFO] thread 8 is processing the 48 / 305 pack

2026-09-16 08:53:51 [INFO] thread 6 is processing the 49 / 305 pack

2026-09-16 08:53:53 [INFO] thread 3 is processing the 50 / 305 pack

2026-09-16 08:53:53 [INFO] thread 2 is processing the 51 / 305 pack

2026-09-16 08:53:53 [INFO] thread 4 is processing the 52 / 305 pack

2026-09-16 08:53:53 [INFO] thread 5 is processing the 53 / 305 pack

2026-09-16 08:53:54 [INFO] thread 1 is processing the 54 / 305 pack

2026-09-16 08:53:54 [INFO] thread 10 is processing the 55 / 305 pack

2026-09-16 08:53:54 [INFO] thread 9 is processing the 56 / 305 pack

2026-09-16 08:53:54 [INFO] thread 8 is processing the 57 / 305 pack

2026-09-16 08:53:54 [INFO] thread 7 is processing the 58 / 305 pack

2026-09-16 08:53:55 [INFO] thread 6 is processing the 59 / 305 pack

2026-09-16 08:53:57 [INFO] thread 3 is processing the 60 / 305 pack

2026-09-16 08:53:58 [INFO] thread 2 is processing the 61 / 305 pack

2026-09-16 08:53:58 [INFO] thread 10 is processing the 62 / 305 pack

2026-09-16 08:53:58 [INFO] thread 1 is processing the 63 / 305 pack

2026-09-16 08:53:58 [INFO] thread 4 is processing the 64 / 305 pack

2026-09-16 08:53:58 [INFO] thread 5 is processing the 65 / 305 pack

2026-09-16 08:53:58 [INFO] thread 9 is processing the 66 / 305 pack

2026-09-16 08:53:58 [INFO] thread 7 is processing the 67 / 305 pack

2026-09-16 08:53:58 [INFO] thread 8 is processing the 68 / 305 pack

2026-09-16 08:53:59 [INFO] thread 6 is processing the 69 / 305 pack

2026-09-16 08:54:01 [INFO] thread 2 is processing the 70 / 305 pack

2026-09-16 08:54:01 [INFO] thread 3 is processing the 71 / 305 pack

2026-09-16 08:54:01 [INFO] thread 1 is processing the 72 / 305 pack

2026-09-16 08:54:01 [INFO] thread 10 is processing the 73 / 305 pack

2026-09-16 08:54:02 [INFO] thread 4 is processing the 74 / 305 pack

2026-09-16 08:54:02 [INFO] thread 9 is processing the 75 / 305 pack

2026-09-16 08:54:02 [INFO] thread 7 is processing the 76 / 305 pack

2026-09-16 08:54:02 [INFO] thread 5 is processing the 77 / 305 pack

2026-09-16 08:54:02 [INFO] thread 8 is processing the 78 / 305 pack

2026-09-16 08:54:03 [INFO] thread 6 is processing the 79 / 305 pack

2026-09-16 08:54:05 [INFO] thread 2 is processing the 80 / 305 pack

2026-09-16 08:54:05 [INFO] thread 3 is processing the 81 / 305 pack

2026-09-16 08:54:05 [INFO] thread 10 is processing the 82 / 305 pack

2026-09-16 08:54:05 [INFO] thread 1 is processing the 83 / 305 pack

2026-09-16 08:54:05 [INFO] thread 4 is processing the 84 / 305 pack

2026-09-16 08:54:06 [INFO] thread 9 is processing the 85 / 305 pack

2026-09-16 08:54:06 [INFO] thread 7 is processing the 86 / 305 pack

2026-09-16 08:54:07 [INFO] thread 5 is processing the 87 / 305 pack

2026-09-16 08:54:07 [INFO] thread 8 is processing the 88 / 305 pack

2026-09-16 08:54:08 [INFO] thread 6 is processing the 89 / 305 pack

2026-09-16 08:54:09 [INFO] thread 2 is processing the 90 / 305 pack

2026-09-16 08:54:09 [INFO] thread 3 is processing the 91 / 305 pack

2026-09-16 08:54:09 [INFO] thread 4 is processing the 92 / 305 pack

2026-09-16 08:54:09 [INFO] thread 10 is processing the 93 / 305 pack

2026-09-16 08:54:09 [INFO] thread 1 is processing the 94 / 305 pack

2026-09-16 08:54:10 [INFO] thread 7 is processing the 95 / 305 pack

2026-09-16 08:54:10 [INFO] thread 9 is processing the 96 / 305 pack

2026-09-16 08:54:11 [INFO] thread 5 is processing the 97 / 305 pack

2026-09-16 08:54:11 [INFO] thread 8 is processing the 98 / 305 pack

2026-09-16 08:54:12 [INFO] thread 6 is processing the 99 / 305 pack

2026-09-16 08:54:13 [INFO] thread 2 is processing the 100 / 305 pack

2026-09-16 08:54:13 [INFO] thread 3 is processing the 101 / 305 pack

2026-09-16 08:54:13 [INFO] thread 4 is processing the 102 / 305 pack

2026-09-16 08:54:13 [INFO] thread 10 is processing the 103 / 305 pack

2026-09-16 08:54:13 [INFO] thread 1 is processing the 104 / 305 pack

2026-09-16 08:54:14 [INFO] thread 7 is processing the 105 / 305 pack

2026-09-16 08:54:14 [INFO] thread 9 is processing the 106 / 305 pack

2026-09-16 08:54:14 [INFO] thread 5 is processing the 107 / 305 pack

2026-09-16 08:54:15 [INFO] thread 8 is processing the 108 / 305 pack

2026-09-16 08:54:15 [INFO] thread 6 is processing the 109 / 305 pack

2026-09-16 08:54:16 [INFO] thread 2 is processing the 110 / 305 pack

2026-09-16 08:54:16 [INFO] thread 4 is processing the 111 / 305 pack

2026-09-16 08:54:16 [INFO] thread 10 is processing the 112 / 305 pack

2026-09-16 08:54:16 [INFO] thread 3 is processing the 113 / 305 pack

2026-09-16 08:54:16 [INFO] thread 1 is processing the 114 / 305 pack

2026-09-16 08:54:17 [INFO] thread 7 is processing the 115 / 305 pack

2026-09-16 08:54:17 [INFO] thread 9 is processing the 116 / 305 pack

2026-09-16 08:54:18 [INFO] thread 5 is processing the 117 / 305 pack

2026-09-16 08:54:18 [INFO] thread 8 is processing the 118 / 305 pack

2026-09-16 08:54:19 [INFO] thread 6 is processing the 119 / 305 pack

2026-09-16 08:54:20 [INFO] thread 4 is processing the 120 / 305 pack

2026-09-16 08:54:20 [INFO] thread 2 is processing the 121 / 305 pack

2026-09-16 08:54:20 [INFO] thread 10 is processing the 122 / 305 pack

2026-09-16 08:54:20 [INFO] thread 3 is processing the 123 / 305 pack

2026-09-16 08:54:20 [INFO] thread 1 is processing the 124 / 305 pack

2026-09-16 08:54:21 [INFO] thread 7 is processing the 125 / 305 pack

2026-09-16 08:54:21 [INFO] thread 9 is processing the 126 / 305 pack

2026-09-16 08:54:21 [INFO] thread 5 is processing the 127 / 305 pack

2026-09-16 08:54:21 [INFO] thread 8 is processing the 128 / 305 pack

2026-09-16 08:54:22 [INFO] thread 6 is processing the 129 / 305 pack

2026-09-16 08:54:23 [INFO] thread 4 is processing the 130 / 305 pack

2026-09-16 08:54:23 [INFO] thread 2 is processing the 131 / 305 pack

2026-09-16 08:54:23 [INFO] thread 3 is processing the 132 / 305 pack

2026-09-16 08:54:23 [INFO] thread 10 is processing the 133 / 305 pack

2026-09-16 08:54:23 [INFO] thread 1 is processing the 134 / 305 pack

2026-09-16 08:54:24 [INFO] thread 7 is processing the 135 / 305 pack

2026-09-16 08:54:24 [INFO] thread 9 is processing the 136 / 305 pack

2026-09-16 08:54:25 [INFO] thread 5 is processing the 137 / 305 pack

2026-09-16 08:54:25 [INFO] thread 8 is processing the 138 / 305 pack

2026-09-16 08:54:25 [INFO] thread 6 is processing the 139 / 305 pack

2026-09-16 08:54:26 [INFO] thread 2 is processing the 140 / 305 pack

2026-09-16 08:54:26 [INFO] thread 4 is processing the 141 / 305 pack

2026-09-16 08:54:27 [INFO] thread 3 is processing the 142 / 305 pack

2026-09-16 08:54:27 [INFO] thread 10 is processing the 143 / 305 pack

2026-09-16 08:54:27 [INFO] thread 1 is processing the 144 / 305 pack

2026-09-16 08:54:27 [INFO] thread 9 is processing the 145 / 305 pack

2026-09-16 08:54:27 [INFO] thread 7 is processing the 146 / 305 pack

2026-09-16 08:54:28 [INFO] thread 5 is processing the 147 / 305 pack

2026-09-16 08:54:29 [INFO] thread 8 is processing the 148 / 305 pack

2026-09-16 08:54:29 [INFO] thread 6 is processing the 149 / 305 pack

2026-09-16 08:54:30 [INFO] thread 2 is processing the 150 / 305 pack

2026-09-16 08:54:30 [INFO] thread 4 is processing the 151 / 305 pack

2026-09-16 08:54:31 [INFO] thread 3 is processing the 152 / 305 pack

2026-09-16 08:54:31 [INFO] thread 10 is processing the 153 / 305 pack

2026-09-16 08:54:31 [INFO] thread 1 is processing the 154 / 305 pack

2026-09-16 08:54:31 [INFO] thread 9 is processing the 155 / 305 pack

2026-09-16 08:54:31 [INFO] thread 7 is processing the 156 / 305 pack

2026-09-16 08:54:33 [INFO] thread 5 is processing the 157 / 305 pack

2026-09-16 08:54:33 [INFO] thread 8 is processing the 158 / 305 pack

2026-09-16 08:54:34 [INFO] thread 6 is processing the 159 / 305 pack

2026-09-16 08:54:34 [INFO] thread 2 is processing the 160 / 305 pack

2026-09-16 08:54:34 [INFO] thread 4 is processing the 161 / 305 pack

2026-09-16 08:54:35 [INFO] thread 10 is processing the 162 / 305 pack

2026-09-16 08:54:35 [INFO] thread 3 is processing the 163 / 305 pack

2026-09-16 08:54:35 [INFO] thread 1 is processing the 164 / 305 pack

2026-09-16 08:54:35 [INFO] thread 7 is processing the 165 / 305 pack

2026-09-16 08:54:36 [INFO] thread 9 is processing the 166 / 305 pack

2026-09-16 08:54:37 [INFO] thread 5 is processing the 167 / 305 pack

2026-09-16 08:54:37 [INFO] thread 8 is processing the 168 / 305 pack

2026-09-16 08:54:37 [INFO] thread 6 is processing the 169 / 305 pack

2026-09-16 08:54:38 [INFO] thread 2 is processing the 170 / 305 pack

2026-09-16 08:54:38 [INFO] thread 4 is processing the 171 / 305 pack

2026-09-16 08:54:38 [INFO] thread 10 is processing the 172 / 305 pack

2026-09-16 08:54:39 [INFO] thread 3 is processing the 173 / 305 pack

2026-09-16 08:54:39 [INFO] thread 1 is processing the 174 / 305 pack

2026-09-16 08:54:39 [INFO] thread 7 is processing the 175 / 305 pack

2026-09-16 08:54:39 [INFO] thread 9 is processing the 176 / 305 pack

2026-09-16 08:54:41 [INFO] thread 8 is processing the 177 / 305 pack

2026-09-16 08:54:41 [INFO] thread 6 is processing the 178 / 305 pack

2026-09-16 08:54:41 [INFO] thread 5 is processing the 179 / 305 pack

2026-09-16 08:54:41 [INFO] thread 2 is processing the 180 / 305 pack

2026-09-16 08:54:42 [INFO] thread 4 is processing the 181 / 305 pack

2026-09-16 08:54:42 [INFO] thread 10 is processing the 182 / 305 pack

2026-09-16 08:54:42 [INFO] thread 3 is processing the 183 / 305 pack

2026-09-16 08:54:42 [INFO] thread 1 is processing the 184 / 305 pack

2026-09-16 08:54:42 [INFO] thread 7 is processing the 185 / 305 pack

2026-09-16 08:54:43 [INFO] thread 9 is processing the 186 / 305 pack

2026-09-16 08:54:44 [INFO] thread 8 is processing the 187 / 305 pack

2026-09-16 08:54:44 [INFO] thread 5 is processing the 188 / 305 pack

2026-09-16 08:54:44 [INFO] thread 6 is processing the 189 / 305 pack

2026-09-16 08:54:45 [INFO] thread 2 is processing the 190 / 305 pack

2026-09-16 08:54:45 [INFO] thread 10 is processing the 191 / 305 pack

2026-09-16 08:54:45 [INFO] thread 4 is processing the 192 / 305 pack

2026-09-16 08:54:45 [INFO] thread 1 is processing the 193 / 305 pack

2026-09-16 08:54:45 [INFO] thread 3 is processing the 194 / 305 pack

2026-09-16 08:54:46 [INFO] thread 7 is processing the 195 / 305 pack

2026-09-16 08:54:46 [INFO] thread 9 is processing the 196 / 305 pack

2026-09-16 08:54:48 [INFO] thread 8 is processing the 197 / 305 pack

2026-09-16 08:54:48 [INFO] thread 6 is processing the 198 / 305 pack

2026-09-16 08:54:48 [INFO] thread 5 is processing the 199 / 305 pack

2026-09-16 08:54:48 [INFO] thread 2 is processing the 200 / 305 pack

2026-09-16 08:54:49 [INFO] thread 10 is processing the 201 / 305 pack

2026-09-16 08:54:49 [INFO] thread 4 is processing the 202 / 305 pack

2026-09-16 08:54:49 [INFO] thread 3 is processing the 203 / 305 pack

2026-09-16 08:54:49 [INFO] thread 7 is processing the 204 / 305 pack

2026-09-16 08:54:49 [INFO] thread 1 is processing the 205 / 305 pack

2026-09-16 08:54:50 [INFO] thread 9 is processing the 206 / 305 pack

2026-09-16 08:54:51 [INFO] thread 6 is processing the 207 / 305 pack

2026-09-16 08:54:51 [INFO] thread 8 is processing the 208 / 305 pack

2026-09-16 08:54:52 [INFO] thread 2 is processing the 209 / 305 pack

2026-09-16 08:54:52 [INFO] thread 5 is processing the 210 / 305 pack

2026-09-16 08:54:52 [INFO] thread 10 is processing the 211 / 305 pack

2026-09-16 08:54:52 [INFO] thread 4 is processing the 212 / 305 pack

2026-09-16 08:54:53 [INFO] thread 3 is processing the 213 / 305 pack

2026-09-16 08:54:53 [INFO] thread 7 is processing the 214 / 305 pack

2026-09-16 08:54:53 [INFO] thread 1 is processing the 215 / 305 pack

2026-09-16 08:54:53 [INFO] thread 9 is processing the 216 / 305 pack

2026-09-16 08:54:55 [INFO] thread 8 is processing the 217 / 305 pack

2026-09-16 08:54:55 [INFO] thread 6 is processing the 218 / 305 pack

2026-09-16 08:54:55 [INFO] thread 5 is processing the 219 / 305 pack

2026-09-16 08:54:55 [INFO] thread 2 is processing the 220 / 305 pack

2026-09-16 08:54:56 [INFO] thread 10 is processing the 221 / 305 pack

2026-09-16 08:54:56 [INFO] thread 4 is processing the 222 / 305 pack

2026-09-16 08:54:57 [INFO] thread 3 is processing the 223 / 305 pack

2026-09-16 08:54:57 [INFO] thread 1 is processing the 224 / 305 pack

2026-09-16 08:54:57 [INFO] thread 7 is processing the 225 / 305 pack

2026-09-16 08:54:57 [INFO] thread 9 is processing the 226 / 305 pack

2026-09-16 08:54:58 [INFO] thread 8 is processing the 227 / 305 pack

2026-09-16 08:54:59 [INFO] thread 6 is processing the 228 / 305 pack

2026-09-16 08:54:59 [INFO] thread 2 is processing the 229 / 305 pack

2026-09-16 08:54:59 [INFO] thread 5 is processing the 230 / 305 pack

2026-09-16 08:54:59 [INFO] thread 10 is processing the 231 / 305 pack

2026-09-16 08:54:59 [INFO] thread 4 is processing the 232 / 305 pack

2026-09-16 08:55:00 [INFO] thread 1 is processing the 233 / 305 pack

2026-09-16 08:55:00 [INFO] thread 3 is processing the 234 / 305 pack

2026-09-16 08:55:00 [INFO] thread 7 is processing the 235 / 305 pack

2026-09-16 08:55:01 [INFO] thread 9 is processing the 236 / 305 pack

2026-09-16 08:55:02 [INFO] thread 8 is processing the 237 / 305 pack

2026-09-16 08:55:02 [INFO] thread 6 is processing the 238 / 305 pack

2026-09-16 08:55:03 [INFO] thread 2 is processing the 239 / 305 pack

2026-09-16 08:55:03 [INFO] thread 5 is processing the 240 / 305 pack

2026-09-16 08:55:03 [INFO] thread 10 is processing the 241 / 305 pack

2026-09-16 08:55:04 [INFO] thread 4 is processing the 242 / 305 pack

2026-09-16 08:55:04 [INFO] thread 3 is processing the 243 / 305 pack

2026-09-16 08:55:04 [INFO] thread 1 is processing the 244 / 305 pack

2026-09-16 08:55:04 [INFO] thread 7 is processing the 245 / 305 pack

2026-09-16 08:55:05 [INFO] thread 9 is processing the 246 / 305 pack

2026-09-16 08:55:06 [INFO] thread 8 is processing the 247 / 305 pack

2026-09-16 08:55:06 [INFO] thread 2 is processing the 248 / 305 pack

2026-09-16 08:55:07 [INFO] thread 6 is processing the 249 / 305 pack

2026-09-16 08:55:07 [INFO] thread 10 is processing the 250 / 305 pack

2026-09-16 08:55:07 [INFO] thread 5 is processing the 251 / 305 pack

2026-09-16 08:55:08 [INFO] thread 3 is processing the 252 / 305 pack

2026-09-16 08:55:08 [INFO] thread 4 is processing the 253 / 305 pack

2026-09-16 08:55:08 [INFO] thread 1 is processing the 254 / 305 pack

2026-09-16 08:55:08 [INFO] thread 7 is processing the 255 / 305 pack

2026-09-16 08:55:08 [INFO] thread 9 is processing the 256 / 305 pack

2026-09-16 08:55:09 [INFO] thread 8 is processing the 257 / 305 pack

2026-09-16 08:55:09 [INFO] thread 2 is processing the 258 / 305 pack

2026-09-16 08:55:10 [INFO] thread 6 is processing the 259 / 305 pack

2026-09-16 08:55:10 [INFO] thread 5 is processing the 260 / 305 pack

2026-09-16 08:55:10 [INFO] thread 10 is processing the 261 / 305 pack

2026-09-16 08:55:11 [INFO] thread 3 is processing the 262 / 305 pack

2026-09-16 08:55:11 [INFO] thread 4 is processing the 263 / 305 pack

2026-09-16 08:55:11 [INFO] thread 1 is processing the 264 / 305 pack

2026-09-16 08:55:12 [INFO] thread 7 is processing the 265 / 305 pack

2026-09-16 08:55:12 [INFO] thread 9 is processing the 266 / 305 pack

2026-09-16 08:55:13 [INFO] thread 8 is processing the 267 / 305 pack

2026-09-16 08:55:13 [INFO] thread 2 is processing the 268 / 305 pack

2026-09-16 08:55:13 [INFO] thread 6 is processing the 269 / 305 pack

2026-09-16 08:55:14 [INFO] thread 5 is processing the 270 / 305 pack

2026-09-16 08:55:14 [INFO] thread 10 is processing the 271 / 305 pack

2026-09-16 08:55:15 [INFO] thread 4 is processing the 272 / 305 pack

2026-09-16 08:55:15 [INFO] thread 3 is processing the 273 / 305 pack

2026-09-16 08:55:15 [INFO] thread 1 is processing the 274 / 305 pack

2026-09-16 08:55:15 [INFO] thread 7 is processing the 275 / 305 pack

2026-09-16 08:55:15 [INFO] thread 9 is processing the 276 / 305 pack

2026-09-16 08:55:16 [INFO] thread 8 is processing the 277 / 305 pack

2026-09-16 08:55:17 [INFO] thread 2 is processing the 278 / 305 pack

2026-09-16 08:55:17 [INFO] thread 6 is processing the 279 / 305 pack

2026-09-16 08:55:17 [INFO] thread 10 is processing the 280 / 305 pack

2026-09-16 08:55:17 [INFO] thread 5 is processing the 281 / 305 pack

2026-09-16 08:55:17 [INFO] thread 4 is processing the 282 / 305 pack

2026-09-16 08:55:18 [INFO] thread 3 is processing the 283 / 305 pack

2026-09-16 08:55:18 [INFO] thread 7 is processing the 284 / 305 pack

2026-09-16 08:55:18 [INFO] thread 1 is processing the 285 / 305 pack

2026-09-16 08:55:18 [INFO] thread 9 is processing the 286 / 305 pack

2026-09-16 08:55:20 [INFO] thread 8 is processing the 287 / 305 pack

2026-09-16 08:55:20 [INFO] thread 2 is processing the 288 / 305 pack

2026-09-16 08:55:21 [INFO] thread 6 is processing the 289 / 305 pack

2026-09-16 08:55:21 [INFO] thread 10 is processing the 290 / 305 pack

2026-09-16 08:55:21 [INFO] thread 5 is processing the 291 / 305 pack

2026-09-16 08:55:21 [INFO] thread 4 is processing the 292 / 305 pack

2026-09-16 08:55:22 [INFO] thread 3 is processing the 293 / 305 pack

2026-09-16 08:55:22 [INFO] thread 7 is processing the 294 / 305 pack

2026-09-16 08:55:22 [INFO] thread 1 is processing the 295 / 305 pack

2026-09-16 08:55:22 [INFO] thread 9 is processing the 296 / 305 pack

2026-09-16 08:55:23 [INFO] thread 8 is processing the 297 / 305 pack

2026-09-16 08:55:24 [INFO] thread 2 is processing the 298 / 305 pack

2026-09-16 08:55:24 [INFO] thread 10 is processing the 299 / 305 pack

2026-09-16 08:55:24 [INFO] thread 6 is processing the 300 / 305 pack

2026-09-16 08:55:25 [INFO] thread 5 is processing the 301 / 305 pack

2026-09-16 08:55:25 [INFO] thread 4 is processing the 302 / 305 pack

2026-09-16 08:55:25 [INFO] thread 7 is processing the 303 / 305 pack

2026-09-16 08:55:25 [INFO] thread 9 is processing the 304 / 305 pack

2026-09-16 08:55:25 [INFO] thread 3 data processing completed

2026-09-16 08:55:25 [INFO] thread 3 finished

2026-09-16 08:55:25 [INFO] thread 1 data processing completed

2026-09-16 08:55:26 [INFO] thread 1 finished

2026-09-16 08:55:26 [INFO] thread 9 data processing completed

2026-09-16 08:55:26 [INFO] thread 9 finished

2026-09-16 08:55:27 [INFO] thread 2 data processing completed

2026-09-16 08:55:27 [INFO] thread 2 finished

2026-09-16 08:55:27 [INFO] thread 8 data processing completed

2026-09-16 08:55:27 [INFO] thread 8 finished

2026-09-16 08:55:27 [INFO] thread 10 data processing completed

2026-09-16 08:55:28 [INFO] thread 10 finished

2026-09-16 08:55:28 [INFO] thread 6 data processing completed

2026-09-16 08:55:28 [INFO] thread 6 finished

2026-09-16 08:55:28 [INFO] thread 5 data processing completed

2026-09-16 08:55:28 [INFO] thread 5 finished

2026-09-16 08:55:28 [INFO] thread 7 data processing completed

2026-09-16 08:55:28 [INFO] thread 7 finished

2026-09-16 08:55:28 [INFO] thread 4 data processing completed

2026-09-16 08:55:28 [INFO] thread 4 finished

2026-09-16 08:55:28 [INFO] /home/liup/project/data/smartyper/par/bc/out/SRR10717889_output_reads.fastq.gz writer finished

2026-09-16 08:55:28 [INFO] start to generate reports

2026-09-16 08:55:28 [INFO] Starting to write SNV table!

2026-09-16 08:55:28 [INFO] starting to read geno output file for sample: SRR10717889
2026-09-16 08:55:28 [INFO] starting to read ml output file for sample: SRR10717889
2026-09-16 08:55:28 [INFO] starting to read ml file for sample: SRR10717889
2026-09-16 08:55:28 [INFO] finished to read ml file for sample: SRR10717889
2026-09-16 08:55:28 [INFO] starting to read microhap output file for sample: SRR10717889
2026-09-16 08:55:28 [INFO] starting to read sample SRR10717889 mh file
2026-09-16 08:55:28 [INFO] Starting to write haplotype table!

2026-09-16 08:55:29 [INFO] Starting to write ML haplotype table!

2026-09-16 08:55:29 [INFO] Starting to write amplicon table!

2026-09-16 08:55:29 [INFO] finished to read sample SRR10717889 mh file
2026-09-16 08:55:29 [INFO] starting to read amplicon output file for sample: SRR10717889
2026-09-16 08:55:29 [INFO] starting to read sample SRR10717889 amplicon file
2026-09-16 08:55:29 [INFO] Starting to write error rate table!

2026-09-16 08:55:29 [INFO] Finished writing genotype table!

2026-09-16 08:55:29 [INFO] Finished writing ML haplotype table!

2026-09-16 08:55:29 [INFO] Finished writing amplicon table!

2026-09-16 08:55:29 [INFO] Finished writing error rate table!

2026-09-16 08:55:29 [INFO] Duplication rate: 11.06%

2026-09-16 08:55:29 [INFO] Insert size peak (evaluated by paired-end reads): 200

2026-09-16 08:55:29 [INFO] Finished Json report

2026-09-16 08:55:29 [INFO] finished to read sample SRR10717889 amplicon file
2026-09-16 08:55:29 [INFO] starting to read snp file for sample: SRR10717889
2026-09-16 08:55:29 [INFO] starting to read snp file for sample: SRR10717889
2026-09-16 08:55:29 [INFO] finished to read snp file for sample: SRR10717889
2026-09-16 08:55:29 [INFO] finished to read geno output file for sample: SRR10717889
2026-09-16 08:55:29 [INFO] Finished Html report

2026-09-16 08:55:29 [INFO] JSON report: /home/liup/project/data/smartyper/par/bc/out/SRR10717889.json

2026-09-16 08:55:29 [INFO] HTML report: /home/liup/project/data/smartyper/par/bc/out/SRR10717889.html

2026-09-16 08:55:29 [INFO] seqtyper --var snp --loc /home/liup/project/data/smartyper/par/bc/loc.txt --minReads4Locus 30 --maxMismatchesPSeq 4 --thread 10 --average_qual 20 --length_required 30 --smProp1H 0.8 --smProp1L 0.72 --mmProp1H 0.8 --mmProp1L 0.78 --mProp2 0.7 --minReads4Allele 10 --maxRVs4Align 6 --prefix /home/liup/project/data/smartyper/par/bc/out/SRR10717889 --in1 /home/liup/project/data/smartyper/par/bc/raw/SRR10717889_R1.fastq.gz --in2 /home/liup/project/data/smartyper/par/bc/raw/SRR10717889_R2.fastq.gz --verbose 

2026-09-16 08:55:29 [INFO] seq2typer v2.1.0.0, time used: 114 seconds

2026-09-16 08:55:29 [INFO] seq2typer v2.1.0.0, time used: 114 seconds

2026-09-16 08:55:29 [INFO] reading sample SRR10717889 outputs

2026-09-16 08:55:29 [INFO] reading sample SRR10717889 genotype done!

2026-09-16 08:55:30 [INFO] reading sample SRR10717889 reads done!

2026-09-16 08:55:30 [INFO] reading sample SRR10717889 jason file done!

2026-09-16 08:55:31 [INFO] starting to produce sample quality fig
2026-09-16 08:55:31 [INFO] ploting sample SRR10717889 reads quality done!

2026-09-16 08:55:31 [INFO] Finish the processing sample: SRR10717889, 2 out of 2 samples

2026-09-16 08:55:31 [INFO] ---------------------------------------------------------end index: 2----------------------------------------------------



2026-09-16 08:55:31 [INFO] starting to generate all sample figures

2026-09-16 08:55:31 [INFO] starting to generate quality fig for all samples with 10 threads

2026-09-16 08:55:31 [INFO] starting to produce sample quality fig!

2026-09-16 08:55:33 [INFO] finished to combined_dic for quality fig!

2026-09-16 08:55:33 [INFO] starting to facetgrid for quality fig!

2026-09-16 08:55:36 [INFO] finished plotting quality fig!

2026-09-16 08:55:36 [INFO] finished to produce sample quality fig
2026-09-16 08:55:36 [INFO] starting to produce sample read distribution fig
2026-09-16 08:55:36 [INFO] finished to produce sample quality fig!

2026-09-16 08:55:36 [INFO] finished to generate quality fig for all samples

2026-09-16 08:55:36 [INFO] starting to generate reads distributions fig for all samples with 10 threads

2026-09-16 08:55:36 [INFO] starting to produce sample read distribution fig!

2026-09-16 08:55:39 [INFO] finish to produce sample read distribution fig
2026-09-16 08:55:39 [INFO] Run summary - seq2type run: step elapsed time = 261.57s, total session time so far = 341.05s, total active time so far = 261.57s, peak memory = 1289.08 MB
2026-09-16 08:55:39 [INFO] finished to produce sample read distribution fig!

2026-09-16 08:55:39 [INFO] finished to generate all reads distributions fig for all samples

2026-09-16 08:55:39 [INFO] Log file saved to: /home/liup/project/data/smartyper/par/bc/out/smartyper_log.txt

2026-09-16 08:55:39 [INFO] Congrats! Seq2Type ran successfully! Please click 'Next' to proceed.

2026-09-16 08:55:46 [INFO] updating genotype tab from job runner
2026-09-16 08:55:46 [INFO] Starting genotype tab update...
2026-09-16 08:55:46 [INFO] Result type: sample
2026-09-16 08:55:46 [INFO] selected sample: SRR10717863, markers: 224
2026-09-16 08:55:46 [INFO] selected sample: SRR10717863
2026-09-16 08:55:51 [INFO] Figures length: 224
2026-09-16 08:55:51 [INFO] Finished processing all figures and tables, displaying genotype tab page...
2026-09-16 08:56:15 [INFO] Application session summary: total elapsed time = 377.31s, active (running) time = 261.57s, idle time = 115.74s, peak memory = 1289.08 MB, OS = Ubuntu 24.04.4 LTS (x86_64), CPU = 12th Gen Intel(R) Core(TM) i5-1245U @ 2496.0 MHz, CPU threads = 12, total memory = 31.04 GB, memory speed = unavailable (requires root/dmidecode), memory = unavailable (requires root/dmidecode), memory bandwidth = 1756.4 MB/s (measured), disk free = 878.15 / 1006.85 GB, disk drive = Msft Virtual Disk, disk speed = 368.3 MB/s (measured)
