2026-09-16 13:18:44 [INFO] SmarTyper application started
2026-09-16 13:18:44 [INFO] Hardware: OS = Ubuntu 24.04.4 LTS (Linux-6.18.33.2-microsoft-standard-WSL2-x86_64-with-glibc2.39, x86_64), Python = 3.12.3, CPU = 12th Gen Intel(R) Core(TM) i5-1245U, CPU speed = 2496.0 MHz, CPU threads = 12, total memory = 31.04 GB, available memory = 26.67 GB, memory speed = unavailable (requires root/dmidecode), memory = unavailable (requires root/dmidecode), memory bandwidth = 2070.4 MB/s (measured copy throughput), disk total = 1006.85 GB, disk free = 878.34 GB, disk drive = Msft Virtual Disk, disk speed = 753.6 MB/s (measured write throughput)
2026-09-16 13:19:27 [INFO] Starting genotype tab update...
2026-09-16 13:19:27 [INFO] No assigned reads found, skipping genotype tab update.
2026-09-16 13:19:27 [INFO] Starting genotype tab update...
2026-09-16 13:19:27 [INFO] No assigned reads found, skipping genotype tab update.
2026-09-16 13:19:29 [INFO] reading loci file: /home/liup/project/data/smartyper/par/bc/loc.txt
2026-09-16 13:19:29 [INFO] total 224 markers read from loci file
2026-09-16 13:19:29 [INFO] total 224 markers read from loci file
2026-09-16 13:19:38 [INFO] begain to initiate sam_mar_dict
2026-09-16 13:19:38 [INFO] begain to initiate dicts
2026-09-16 13:19:38 [INFO] finished to initiate assigned_reads_dict
2026-09-16 13:19:38 [INFO] finished to initiate sam_amp_dir
2026-09-16 13:19:38 [INFO] finished to initiate sam_mar_ml_dir
2026-09-16 13:19:39 [INFO] finished to initiate sam_micro_dir
2026-09-16 13:19:39 [INFO] finished to initiate dicts
2026-09-16 13:19:39 [INFO] finished to initiate sam_mar_dict
2026-09-16 13:19:42 [INFO] Parameters snapshot - seq2type run
2026-09-16 13:19:42 [INFO]   analtype = snp
2026-09-16 13:19:42 [INFO]   seqtype = pe
2026-09-16 13:19:42 [INFO]   sexfile = 
2026-09-16 13:19:42 [INFO]   locifile = /home/liup/project/data/smartyper/par/bc/loc.txt
2026-09-16 13:19:42 [INFO]   inputdir = /home/liup/project/data/smartyper/par/bc/raw
2026-09-16 13:19:42 [INFO]   outputdir = /home/liup/project/data/smartyper/par/bc/out
2026-09-16 13:19:42 [INFO]   projectdir = 
2026-09-16 13:19:42 [INFO]   samplefile = /home/liup/project/data/smartyper/par/bc/sample.txt
2026-09-16 13:19:42 [INFO]   mlinputfile = 
2026-09-16 13:19:42 [INFO]   mloutputdir = 
2026-09-16 13:19:42 [INFO]   mlmodelinputfile = 
2026-09-16 13:19:42 [INFO]   mlmodel = False
2026-09-16 13:19:42 [INFO]   num_samples = 0
2026-09-16 13:19:42 [INFO]   project_genotype_model = False
2026-09-16 13:19:42 [INFO]   project_microtype_model = False
2026-09-16 13:19:42 [INFO]   outputgenotypeproject = project_genotype_session.dill
2026-09-16 13:19:42 [INFO]   outputmicrotypeproject = project_microtype_session.dill
2026-09-16 13:19:42 [INFO]   maxMismatchesPSeq = 4
2026-09-16 13:19:42 [INFO]   minReads4Locus = 30
2026-09-16 13:19:42 [INFO]   minReads4Allele = 10
2026-09-16 13:19:42 [INFO]   smProp1H = 0.8
2026-09-16 13:19:42 [INFO]   smProp1L = 0.72
2026-09-16 13:19:42 [INFO]   mmProp1H = 0.8
2026-09-16 13:19:42 [INFO]   mmProp1L = 0.78
2026-09-16 13:19:42 [INFO]   mProp2 = 0.7
2026-09-16 13:19:42 [INFO]   maxRVs4Align = 6
2026-09-16 13:19:42 [INFO]   maxMismatchesPSeqSex = 4
2026-09-16 13:19:42 [INFO]   maxMismatchesRefSeqSex = 4
2026-09-16 13:19:42 [INFO]   yxRatio = 0.0001
2026-09-16 13:19:42 [INFO]   minReadsSexAllele = 10
2026-09-16 13:19:42 [INFO]   minReadsSexVariant = 5
2026-09-16 13:19:42 [INFO]   sex_analysis = False
2026-09-16 13:19:42 [INFO]   nanopore_default = False
2026-09-16 13:19:42 [INFO]   revcomloci = False
2026-09-16 13:19:42 [INFO]   revcomsex = False
2026-09-16 13:19:42 [INFO]   average_qual = 20
2026-09-16 13:19:42 [INFO]   length_required = 30
2026-09-16 13:19:42 [INFO]   thread = 10
2026-09-16 13:19:42 [INFO]   cur_microhap_input_file = 
2026-09-16 13:19:42 [INFO]   pre_microhap_input_file = 
2026-09-16 13:19:42 [INFO]   post_microhap_output_dir = 
2026-09-16 13:19:42 [INFO]   include_pre_mh = True
2026-09-16 13:19:42 [INFO]   has_pre_mh = False
2026-09-16 13:19:42 [INFO]   pro_figure = True
2026-09-16 13:19:42 [INFO]   ml_training_ratio = 0.8
2026-09-16 13:19:42 [INFO] seqtyper command for sample SRR10717863: seqtyper --var snp --loc /home/liup/project/data/smartyper/par/bc/loc.txt --minReads4Locus 30 --maxMismatchesPSeq 4 --thread 10 --average_qual 20 --length_required 30 --smProp1H 0.8 --smProp1L 0.72 --mmProp1H 0.8 --mmProp1L 0.78 --mProp2 0.7 --minReads4Allele 10 --maxRVs4Align 6 --prefix /home/liup/project/data/smartyper/par/bc/out/SRR10717863 --in1 /home/liup/project/data/smartyper/par/bc/raw/SRR10717863_R1.fastq.gz --in2 /home/liup/project/data/smartyper/par/bc/raw/SRR10717863_R2.fastq.gz --verbose
2026-09-16 13:19:42 [INFO] seqtyper command for sample SRR10717889: seqtyper --var snp --loc /home/liup/project/data/smartyper/par/bc/loc.txt --minReads4Locus 30 --maxMismatchesPSeq 4 --thread 10 --average_qual 20 --length_required 30 --smProp1H 0.8 --smProp1L 0.72 --mmProp1H 0.8 --mmProp1L 0.78 --mProp2 0.7 --minReads4Allele 10 --maxRVs4Align 6 --prefix /home/liup/project/data/smartyper/par/bc/out/SRR10717889 --in1 /home/liup/project/data/smartyper/par/bc/raw/SRR10717889_R1.fastq.gz --in2 /home/liup/project/data/smartyper/par/bc/raw/SRR10717889_R2.fastq.gz --verbose
2026-09-16 13:19:42 [INFO] starting to run seq2type
2026-09-16 13:19:42 [INFO] Starting Seq2Type for genotyping!


2026-09-16 13:19:42 [INFO] ---------------------------------------------------------start index: 1--------------------------------------------------

2026-09-16 13:19:42 [INFO] Start to process sample: SRR10717863, 1 out of 2 samples

2026-09-16 13:19:42 [INFO] Running Seq2Type for sample: SRR10717863, this is slow and please be patient!

2026-09-16 13:19:43 [INFO] Reading locus file: /home/liup/project/data/smartyper/par/bc/loc.txt

2026-09-16 13:19:43 [INFO] Read loci of: 224

2026-09-16 13:19:43 [INFO] start to load data

2026-09-16 13:19:45 [INFO] all reads loaded, start to monitor thread status

2026-09-16 13:19:46 [INFO] thread 8 is processing the 10 / 308 pack

2026-09-16 13:19:46 [INFO] thread 9 is processing the 11 / 308 pack

2026-09-16 13:19:46 [INFO] thread 1 is processing the 12 / 308 pack

2026-09-16 13:19:46 [INFO] thread 7 is processing the 13 / 308 pack

2026-09-16 13:19:46 [INFO] thread 2 is processing the 14 / 308 pack

2026-09-16 13:19:46 [INFO] thread 3 is processing the 15 / 308 pack

2026-09-16 13:19:46 [INFO] thread 10 is processing the 16 / 308 pack

2026-09-16 13:19:46 [INFO] thread 4 is processing the 17 / 308 pack

2026-09-16 13:19:46 [INFO] thread 6 is processing the 18 / 308 pack

2026-09-16 13:19:46 [INFO] thread 5 is processing the 19 / 308 pack

2026-09-16 13:19:48 [INFO] thread 8 is processing the 20 / 308 pack

2026-09-16 13:19:49 [INFO] thread 9 is processing the 21 / 308 pack

2026-09-16 13:19:49 [INFO] thread 1 is processing the 22 / 308 pack

2026-09-16 13:19:49 [INFO] thread 4 is processing the 23 / 308 pack

2026-09-16 13:19:49 [INFO] thread 10 is processing the 24 / 308 pack

2026-09-16 13:19:49 [INFO] thread 3 is processing the 25 / 308 pack

2026-09-16 13:19:49 [INFO] thread 5 is processing the 26 / 308 pack

2026-09-16 13:19:49 [INFO] thread 7 is processing the 27 / 308 pack

2026-09-16 13:19:49 [INFO] thread 2 is processing the 28 / 308 pack

2026-09-16 13:19:49 [INFO] thread 6 is processing the 29 / 308 pack

2026-09-16 13:19:52 [INFO] thread 8 is processing the 30 / 308 pack

2026-09-16 13:19:52 [INFO] thread 1 is processing the 31 / 308 pack

2026-09-16 13:19:52 [INFO] thread 9 is processing the 32 / 308 pack

2026-09-16 13:19:52 [INFO] thread 4 is processing the 33 / 308 pack

2026-09-16 13:19:52 [INFO] thread 10 is processing the 34 / 308 pack

2026-09-16 13:19:52 [INFO] thread 7 is processing the 35 / 308 pack

2026-09-16 13:19:52 [INFO] thread 3 is processing the 36 / 308 pack

2026-09-16 13:19:52 [INFO] thread 2 is processing the 37 / 308 pack

2026-09-16 13:19:52 [INFO] thread 5 is processing the 38 / 308 pack

2026-09-16 13:19:53 [INFO] thread 6 is processing the 39 / 308 pack

2026-09-16 13:19:55 [INFO] thread 8 is processing the 40 / 308 pack

2026-09-16 13:19:55 [INFO] thread 4 is processing the 41 / 308 pack

2026-09-16 13:19:55 [INFO] thread 7 is processing the 42 / 308 pack

2026-09-16 13:19:55 [INFO] thread 1 is processing the 43 / 308 pack

2026-09-16 13:19:55 [INFO] thread 9 is processing the 44 / 308 pack

2026-09-16 13:19:55 [INFO] thread 10 is processing the 45 / 308 pack

2026-09-16 13:19:56 [INFO] thread 3 is processing the 46 / 308 pack

2026-09-16 13:19:56 [INFO] thread 2 is processing the 47 / 308 pack

2026-09-16 13:19:56 [INFO] thread 5 is processing the 48 / 308 pack

2026-09-16 13:19:56 [INFO] thread 6 is processing the 49 / 308 pack

2026-09-16 13:19:58 [INFO] thread 4 is processing the 50 / 308 pack

2026-09-16 13:19:58 [INFO] thread 8 is processing the 51 / 308 pack

2026-09-16 13:19:58 [INFO] thread 1 is processing the 52 / 308 pack

2026-09-16 13:19:58 [INFO] thread 7 is processing the 53 / 308 pack

2026-09-16 13:19:58 [INFO] thread 10 is processing the 54 / 308 pack

2026-09-16 13:19:58 [INFO] thread 9 is processing the 55 / 308 pack

2026-09-16 13:19:59 [INFO] thread 5 is processing the 56 / 308 pack

2026-09-16 13:19:59 [INFO] thread 2 is processing the 57 / 308 pack

2026-09-16 13:19:59 [INFO] thread 3 is processing the 58 / 308 pack

2026-09-16 13:19:59 [INFO] thread 6 is processing the 59 / 308 pack

2026-09-16 13:20:01 [INFO] thread 4 is processing the 60 / 308 pack

2026-09-16 13:20:01 [INFO] thread 8 is processing the 61 / 308 pack

2026-09-16 13:20:01 [INFO] thread 10 is processing the 62 / 308 pack

2026-09-16 13:20:01 [INFO] thread 1 is processing the 63 / 308 pack

2026-09-16 13:20:01 [INFO] thread 7 is processing the 64 / 308 pack

2026-09-16 13:20:01 [INFO] thread 9 is processing the 65 / 308 pack

2026-09-16 13:20:02 [INFO] thread 6 is processing the 66 / 308 pack

2026-09-16 13:20:02 [INFO] thread 5 is processing the 67 / 308 pack

2026-09-16 13:20:02 [INFO] thread 3 is processing the 68 / 308 pack

2026-09-16 13:20:02 [INFO] thread 2 is processing the 69 / 308 pack

2026-09-16 13:20:04 [INFO] thread 4 is processing the 70 / 308 pack

2026-09-16 13:20:04 [INFO] thread 8 is processing the 71 / 308 pack

2026-09-16 13:20:04 [INFO] thread 10 is processing the 72 / 308 pack

2026-09-16 13:20:04 [INFO] thread 7 is processing the 73 / 308 pack

2026-09-16 13:20:04 [INFO] thread 1 is processing the 74 / 308 pack

2026-09-16 13:20:04 [INFO] thread 5 is processing the 75 / 308 pack

2026-09-16 13:20:04 [INFO] thread 9 is processing the 76 / 308 pack

2026-09-16 13:20:05 [INFO] thread 6 is processing the 77 / 308 pack

2026-09-16 13:20:05 [INFO] thread 2 is processing the 78 / 308 pack

2026-09-16 13:20:05 [INFO] thread 3 is processing the 79 / 308 pack

2026-09-16 13:20:07 [INFO] thread 4 is processing the 80 / 308 pack

2026-09-16 13:20:07 [INFO] thread 8 is processing the 81 / 308 pack

2026-09-16 13:20:07 [INFO] thread 1 is processing the 82 / 308 pack

2026-09-16 13:20:07 [INFO] thread 10 is processing the 83 / 308 pack

2026-09-16 13:20:07 [INFO] thread 7 is processing the 84 / 308 pack

2026-09-16 13:20:07 [INFO] thread 5 is processing the 85 / 308 pack

2026-09-16 13:20:07 [INFO] thread 9 is processing the 86 / 308 pack

2026-09-16 13:20:08 [INFO] thread 6 is processing the 87 / 308 pack

2026-09-16 13:20:08 [INFO] thread 3 is processing the 88 / 308 pack

2026-09-16 13:20:08 [INFO] thread 2 is processing the 89 / 308 pack

2026-09-16 13:20:09 [INFO] thread 4 is processing the 90 / 308 pack

2026-09-16 13:20:09 [INFO] thread 8 is processing the 91 / 308 pack

2026-09-16 13:20:10 [INFO] thread 1 is processing the 92 / 308 pack

2026-09-16 13:20:10 [INFO] thread 10 is processing the 93 / 308 pack

2026-09-16 13:20:10 [INFO] thread 7 is processing the 94 / 308 pack

2026-09-16 13:20:10 [INFO] thread 5 is processing the 95 / 308 pack

2026-09-16 13:20:10 [INFO] thread 9 is processing the 96 / 308 pack

2026-09-16 13:20:10 [INFO] thread 6 is processing the 97 / 308 pack

2026-09-16 13:20:11 [INFO] thread 3 is processing the 98 / 308 pack

2026-09-16 13:20:11 [INFO] thread 2 is processing the 99 / 308 pack

2026-09-16 13:20:12 [INFO] thread 8 is processing the 100 / 308 pack

2026-09-16 13:20:13 [INFO] thread 4 is processing the 101 / 308 pack

2026-09-16 13:20:13 [INFO] thread 1 is processing the 102 / 308 pack

2026-09-16 13:20:13 [INFO] thread 10 is processing the 103 / 308 pack

2026-09-16 13:20:13 [INFO] thread 7 is processing the 104 / 308 pack

2026-09-16 13:20:13 [INFO] thread 6 is processing the 105 / 308 pack

2026-09-16 13:20:13 [INFO] thread 5 is processing the 106 / 308 pack

2026-09-16 13:20:14 [INFO] thread 9 is processing the 107 / 308 pack

2026-09-16 13:20:14 [INFO] thread 2 is processing the 108 / 308 pack

2026-09-16 13:20:14 [INFO] thread 3 is processing the 109 / 308 pack

2026-09-16 13:20:15 [INFO] thread 8 is processing the 110 / 308 pack

2026-09-16 13:20:16 [INFO] thread 4 is processing the 111 / 308 pack

2026-09-16 13:20:16 [INFO] thread 1 is processing the 112 / 308 pack

2026-09-16 13:20:16 [INFO] thread 10 is processing the 113 / 308 pack

2026-09-16 13:20:16 [INFO] thread 7 is processing the 114 / 308 pack

2026-09-16 13:20:16 [INFO] thread 6 is processing the 115 / 308 pack

2026-09-16 13:20:16 [INFO] thread 5 is processing the 116 / 308 pack

2026-09-16 13:20:17 [INFO] thread 9 is processing the 117 / 308 pack

2026-09-16 13:20:17 [INFO] thread 2 is processing the 118 / 308 pack

2026-09-16 13:20:17 [INFO] thread 3 is processing the 119 / 308 pack

2026-09-16 13:20:18 [INFO] thread 8 is processing the 120 / 308 pack

2026-09-16 13:20:19 [INFO] thread 4 is processing the 121 / 308 pack

2026-09-16 13:20:19 [INFO] thread 1 is processing the 122 / 308 pack

2026-09-16 13:20:19 [INFO] thread 10 is processing the 123 / 308 pack

2026-09-16 13:20:19 [INFO] thread 7 is processing the 124 / 308 pack

2026-09-16 13:20:20 [INFO] thread 9 is processing the 125 / 308 pack

2026-09-16 13:20:20 [INFO] thread 6 is processing the 126 / 308 pack

2026-09-16 13:20:20 [INFO] thread 5 is processing the 127 / 308 pack

2026-09-16 13:20:20 [INFO] thread 3 is processing the 128 / 308 pack

2026-09-16 13:20:20 [INFO] thread 2 is processing the 129 / 308 pack

2026-09-16 13:20:21 [INFO] thread 8 is processing the 130 / 308 pack

2026-09-16 13:20:22 [INFO] thread 4 is processing the 131 / 308 pack

2026-09-16 13:20:22 [INFO] thread 1 is processing the 132 / 308 pack

2026-09-16 13:20:22 [INFO] thread 10 is processing the 133 / 308 pack

2026-09-16 13:20:23 [INFO] thread 7 is processing the 134 / 308 pack

2026-09-16 13:20:23 [INFO] thread 9 is processing the 135 / 308 pack

2026-09-16 13:20:23 [INFO] thread 6 is processing the 136 / 308 pack

2026-09-16 13:20:23 [INFO] thread 5 is processing the 137 / 308 pack

2026-09-16 13:20:24 [INFO] thread 3 is processing the 138 / 308 pack

2026-09-16 13:20:24 [INFO] thread 2 is processing the 139 / 308 pack

2026-09-16 13:20:25 [INFO] thread 8 is processing the 140 / 308 pack

2026-09-16 13:20:25 [INFO] thread 4 is processing the 141 / 308 pack

2026-09-16 13:20:25 [INFO] thread 1 is processing the 142 / 308 pack

2026-09-16 13:20:26 [INFO] thread 10 is processing the 143 / 308 pack

2026-09-16 13:20:26 [INFO] thread 7 is processing the 144 / 308 pack

2026-09-16 13:20:26 [INFO] thread 9 is processing the 145 / 308 pack

2026-09-16 13:20:26 [INFO] thread 6 is processing the 146 / 308 pack

2026-09-16 13:20:26 [INFO] thread 5 is processing the 147 / 308 pack

2026-09-16 13:20:27 [INFO] thread 3 is processing the 148 / 308 pack

2026-09-16 13:20:27 [INFO] thread 2 is processing the 149 / 308 pack

2026-09-16 13:20:28 [INFO] thread 8 is processing the 150 / 308 pack

2026-09-16 13:20:28 [INFO] thread 4 is processing the 151 / 308 pack

2026-09-16 13:20:28 [INFO] thread 1 is processing the 152 / 308 pack

2026-09-16 13:20:29 [INFO] thread 10 is processing the 153 / 308 pack

2026-09-16 13:20:29 [INFO] thread 7 is processing the 154 / 308 pack

2026-09-16 13:20:29 [INFO] thread 6 is processing the 155 / 308 pack

2026-09-16 13:20:29 [INFO] thread 9 is processing the 156 / 308 pack

2026-09-16 13:20:30 [INFO] thread 5 is processing the 157 / 308 pack

2026-09-16 13:20:30 [INFO] thread 3 is processing the 158 / 308 pack

2026-09-16 13:20:30 [INFO] thread 2 is processing the 159 / 308 pack

2026-09-16 13:20:31 [INFO] thread 8 is processing the 160 / 308 pack

2026-09-16 13:20:31 [INFO] thread 4 is processing the 161 / 308 pack

2026-09-16 13:20:31 [INFO] thread 1 is processing the 162 / 308 pack

2026-09-16 13:20:32 [INFO] thread 10 is processing the 163 / 308 pack

2026-09-16 13:20:32 [INFO] thread 7 is processing the 164 / 308 pack

2026-09-16 13:20:33 [INFO] thread 9 is processing the 165 / 308 pack

2026-09-16 13:20:33 [INFO] thread 6 is processing the 166 / 308 pack

2026-09-16 13:20:33 [INFO] thread 5 is processing the 167 / 308 pack

2026-09-16 13:20:33 [INFO] thread 3 is processing the 168 / 308 pack

2026-09-16 13:20:34 [INFO] thread 2 is processing the 169 / 308 pack

2026-09-16 13:20:34 [INFO] thread 8 is processing the 170 / 308 pack

2026-09-16 13:20:34 [INFO] thread 4 is processing the 171 / 308 pack

2026-09-16 13:20:35 [INFO] thread 1 is processing the 172 / 308 pack

2026-09-16 13:20:35 [INFO] thread 10 is processing the 173 / 308 pack

2026-09-16 13:20:36 [INFO] thread 7 is processing the 174 / 308 pack

2026-09-16 13:20:36 [INFO] thread 9 is processing the 175 / 308 pack

2026-09-16 13:20:36 [INFO] thread 6 is processing the 176 / 308 pack

2026-09-16 13:20:36 [INFO] thread 5 is processing the 177 / 308 pack

2026-09-16 13:20:37 [INFO] thread 3 is processing the 178 / 308 pack

2026-09-16 13:20:37 [INFO] thread 2 is processing the 179 / 308 pack

2026-09-16 13:20:37 [INFO] thread 4 is processing the 180 / 308 pack

2026-09-16 13:20:38 [INFO] thread 8 is processing the 181 / 308 pack

2026-09-16 13:20:38 [INFO] thread 1 is processing the 182 / 308 pack

2026-09-16 13:20:38 [INFO] thread 10 is processing the 183 / 308 pack

2026-09-16 13:20:39 [INFO] thread 7 is processing the 184 / 308 pack

2026-09-16 13:20:39 [INFO] thread 9 is processing the 185 / 308 pack

2026-09-16 13:20:40 [INFO] thread 5 is processing the 186 / 308 pack

2026-09-16 13:20:40 [INFO] thread 6 is processing the 187 / 308 pack

2026-09-16 13:20:40 [INFO] thread 3 is processing the 188 / 308 pack

2026-09-16 13:20:40 [INFO] thread 2 is processing the 189 / 308 pack

2026-09-16 13:20:41 [INFO] thread 4 is processing the 190 / 308 pack

2026-09-16 13:20:41 [INFO] thread 8 is processing the 191 / 308 pack

2026-09-16 13:20:41 [INFO] thread 1 is processing the 192 / 308 pack

2026-09-16 13:20:42 [INFO] thread 10 is processing the 193 / 308 pack

2026-09-16 13:20:42 [INFO] thread 7 is processing the 194 / 308 pack

2026-09-16 13:20:43 [INFO] thread 6 is processing the 195 / 308 pack

2026-09-16 13:20:43 [INFO] thread 9 is processing the 196 / 308 pack

2026-09-16 13:20:43 [INFO] thread 5 is processing the 197 / 308 pack

2026-09-16 13:20:44 [INFO] thread 3 is processing the 198 / 308 pack

2026-09-16 13:20:44 [INFO] thread 2 is processing the 199 / 308 pack

2026-09-16 13:20:44 [INFO] thread 4 is processing the 200 / 308 pack

2026-09-16 13:20:45 [INFO] thread 8 is processing the 201 / 308 pack

2026-09-16 13:20:45 [INFO] thread 1 is processing the 202 / 308 pack

2026-09-16 13:20:45 [INFO] thread 7 is processing the 203 / 308 pack

2026-09-16 13:20:46 [INFO] thread 10 is processing the 204 / 308 pack

2026-09-16 13:20:46 [INFO] thread 6 is processing the 205 / 308 pack

2026-09-16 13:20:46 [INFO] thread 9 is processing the 206 / 308 pack

2026-09-16 13:20:46 [INFO] thread 5 is processing the 207 / 308 pack

2026-09-16 13:20:47 [INFO] thread 3 is processing the 208 / 308 pack

2026-09-16 13:20:47 [INFO] thread 2 is processing the 209 / 308 pack

2026-09-16 13:20:47 [INFO] thread 4 is processing the 210 / 308 pack

2026-09-16 13:20:48 [INFO] thread 8 is processing the 211 / 308 pack

2026-09-16 13:20:48 [INFO] thread 1 is processing the 212 / 308 pack

2026-09-16 13:20:49 [INFO] thread 7 is processing the 213 / 308 pack

2026-09-16 13:20:49 [INFO] thread 10 is processing the 214 / 308 pack

2026-09-16 13:20:49 [INFO] thread 6 is processing the 215 / 308 pack

2026-09-16 13:20:50 [INFO] thread 9 is processing the 216 / 308 pack

2026-09-16 13:20:50 [INFO] thread 5 is processing the 217 / 308 pack

2026-09-16 13:20:51 [INFO] thread 3 is processing the 218 / 308 pack

2026-09-16 13:20:51 [INFO] thread 2 is processing the 219 / 308 pack

2026-09-16 13:20:51 [INFO] thread 4 is processing the 220 / 308 pack

2026-09-16 13:20:51 [INFO] thread 8 is processing the 221 / 308 pack

2026-09-16 13:20:52 [INFO] thread 1 is processing the 222 / 308 pack

2026-09-16 13:20:52 [INFO] thread 7 is processing the 223 / 308 pack

2026-09-16 13:20:52 [INFO] thread 10 is processing the 224 / 308 pack

2026-09-16 13:20:53 [INFO] thread 6 is processing the 225 / 308 pack

2026-09-16 13:20:53 [INFO] thread 5 is processing the 226 / 308 pack

2026-09-16 13:20:53 [INFO] thread 9 is processing the 227 / 308 pack

2026-09-16 13:20:54 [INFO] thread 3 is processing the 228 / 308 pack

2026-09-16 13:20:54 [INFO] thread 2 is processing the 229 / 308 pack

2026-09-16 13:20:54 [INFO] thread 4 is processing the 230 / 308 pack

2026-09-16 13:20:55 [INFO] thread 8 is processing the 231 / 308 pack

2026-09-16 13:20:55 [INFO] thread 7 is processing the 232 / 308 pack

2026-09-16 13:20:55 [INFO] thread 10 is processing the 233 / 308 pack

2026-09-16 13:20:55 [INFO] thread 1 is processing the 234 / 308 pack

2026-09-16 13:20:56 [INFO] thread 6 is processing the 235 / 308 pack

2026-09-16 13:20:57 [INFO] thread 5 is processing the 236 / 308 pack

2026-09-16 13:20:57 [INFO] thread 9 is processing the 237 / 308 pack

2026-09-16 13:20:58 [INFO] thread 4 is processing the 238 / 308 pack

2026-09-16 13:20:58 [INFO] thread 8 is processing the 239 / 308 pack

2026-09-16 13:20:58 [INFO] thread 3 is processing the 240 / 308 pack

2026-09-16 13:20:58 [INFO] thread 2 is processing the 241 / 308 pack

2026-09-16 13:20:59 [INFO] thread 10 is processing the 242 / 308 pack

2026-09-16 13:20:59 [INFO] thread 7 is processing the 243 / 308 pack

2026-09-16 13:20:59 [INFO] thread 1 is processing the 244 / 308 pack

2026-09-16 13:21:00 [INFO] thread 6 is processing the 245 / 308 pack

2026-09-16 13:21:00 [INFO] thread 5 is processing the 246 / 308 pack

2026-09-16 13:21:01 [INFO] thread 9 is processing the 247 / 308 pack

2026-09-16 13:21:01 [INFO] thread 4 is processing the 248 / 308 pack

2026-09-16 13:21:02 [INFO] thread 8 is processing the 249 / 308 pack

2026-09-16 13:21:02 [INFO] thread 3 is processing the 250 / 308 pack

2026-09-16 13:21:02 [INFO] thread 2 is processing the 251 / 308 pack

2026-09-16 13:21:02 [INFO] thread 10 is processing the 252 / 308 pack

2026-09-16 13:21:02 [INFO] thread 7 is processing the 253 / 308 pack

2026-09-16 13:21:03 [INFO] thread 1 is processing the 254 / 308 pack

2026-09-16 13:21:03 [INFO] thread 6 is processing the 255 / 308 pack

2026-09-16 13:21:04 [INFO] thread 5 is processing the 256 / 308 pack

2026-09-16 13:21:04 [INFO] thread 9 is processing the 257 / 308 pack

2026-09-16 13:21:05 [INFO] thread 3 is processing the 258 / 308 pack

2026-09-16 13:21:05 [INFO] thread 4 is processing the 259 / 308 pack

2026-09-16 13:21:05 [INFO] thread 8 is processing the 260 / 308 pack

2026-09-16 13:21:05 [INFO] thread 2 is processing the 261 / 308 pack

2026-09-16 13:21:05 [INFO] thread 10 is processing the 262 / 308 pack

2026-09-16 13:21:05 [INFO] thread 7 is processing the 263 / 308 pack

2026-09-16 13:21:06 [INFO] thread 1 is processing the 264 / 308 pack

2026-09-16 13:21:07 [INFO] thread 5 is processing the 265 / 308 pack

2026-09-16 13:21:07 [INFO] thread 6 is processing the 266 / 308 pack

2026-09-16 13:21:07 [INFO] thread 9 is processing the 267 / 308 pack

2026-09-16 13:21:08 [INFO] thread 10 is processing the 268 / 308 pack

2026-09-16 13:21:08 [INFO] thread 4 is processing the 269 / 308 pack

2026-09-16 13:21:08 [INFO] thread 7 is processing the 270 / 308 pack

2026-09-16 13:21:08 [INFO] thread 3 is processing the 271 / 308 pack

2026-09-16 13:21:08 [INFO] thread 8 is processing the 272 / 308 pack

2026-09-16 13:21:09 [INFO] thread 2 is processing the 273 / 308 pack

2026-09-16 13:21:09 [INFO] thread 1 is processing the 274 / 308 pack

2026-09-16 13:21:10 [INFO] thread 5 is processing the 275 / 308 pack

2026-09-16 13:21:10 [INFO] thread 6 is processing the 276 / 308 pack

2026-09-16 13:21:10 [INFO] thread 9 is processing the 277 / 308 pack

2026-09-16 13:21:11 [INFO] thread 10 is processing the 278 / 308 pack

2026-09-16 13:21:12 [INFO] thread 4 is processing the 279 / 308 pack

2026-09-16 13:21:12 [INFO] thread 3 is processing the 280 / 308 pack

2026-09-16 13:21:12 [INFO] thread 7 is processing the 281 / 308 pack

2026-09-16 13:21:12 [INFO] thread 8 is processing the 282 / 308 pack

2026-09-16 13:21:12 [INFO] thread 1 is processing the 283 / 308 pack

2026-09-16 13:21:12 [INFO] thread 2 is processing the 284 / 308 pack

2026-09-16 13:21:13 [INFO] thread 5 is processing the 285 / 308 pack

2026-09-16 13:21:13 [INFO] thread 6 is processing the 286 / 308 pack

2026-09-16 13:21:14 [INFO] thread 9 is processing the 287 / 308 pack

2026-09-16 13:21:14 [INFO] thread 10 is processing the 288 / 308 pack

2026-09-16 13:21:14 [INFO] thread 4 is processing the 289 / 308 pack

2026-09-16 13:21:15 [INFO] thread 3 is processing the 290 / 308 pack

2026-09-16 13:21:15 [INFO] thread 7 is processing the 291 / 308 pack

2026-09-16 13:21:15 [INFO] thread 8 is processing the 292 / 308 pack

2026-09-16 13:21:15 [INFO] thread 1 is processing the 293 / 308 pack

2026-09-16 13:21:16 [INFO] thread 2 is processing the 294 / 308 pack

2026-09-16 13:21:16 [INFO] thread 5 is processing the 295 / 308 pack

2026-09-16 13:21:16 [INFO] thread 6 is processing the 296 / 308 pack

2026-09-16 13:21:16 [INFO] thread 9 is processing the 297 / 308 pack

2026-09-16 13:21:17 [INFO] thread 10 is processing the 298 / 308 pack

2026-09-16 13:21:18 [INFO] thread 4 is processing the 299 / 308 pack

2026-09-16 13:21:18 [INFO] thread 8 is processing the 300 / 308 pack

2026-09-16 13:21:18 [INFO] thread 3 is processing the 301 / 308 pack

2026-09-16 13:21:18 [INFO] thread 7 is processing the 302 / 308 pack

2026-09-16 13:21:19 [INFO] thread 1 is processing the 303 / 308 pack

2026-09-16 13:21:19 [INFO] thread 2 is processing the 304 / 308 pack

2026-09-16 13:21:19 [INFO] thread 5 is processing the 305 / 308 pack

2026-09-16 13:21:20 [INFO] thread 6 is processing the 306 / 308 pack

2026-09-16 13:21:20 [INFO] thread 9 is processing the 307 / 308 pack

2026-09-16 13:21:21 [INFO] thread 10 data processing completed

2026-09-16 13:21:21 [INFO] thread 10 finished

2026-09-16 13:21:21 [INFO] thread 8 data processing completed

2026-09-16 13:21:21 [INFO] thread 8 finished

2026-09-16 13:21:21 [INFO] thread 3 data processing completed

2026-09-16 13:21:21 [INFO] thread 3 finished

2026-09-16 13:21:21 [INFO] thread 4 data processing completed

2026-09-16 13:21:21 [INFO] thread 4 finished

2026-09-16 13:21:21 [INFO] thread 7 data processing completed

2026-09-16 13:21:21 [INFO] thread 7 finished

2026-09-16 13:21:21 [INFO] thread 1 data processing completed

2026-09-16 13:21:21 [INFO] thread 1 finished

2026-09-16 13:21:22 [INFO] thread 2 data processing completed

2026-09-16 13:21:22 [INFO] thread 2 finished

2026-09-16 13:21:22 [INFO] thread 9 data processing completed

2026-09-16 13:21:22 [INFO] thread 9 finished

2026-09-16 13:21:22 [INFO] thread 5 data processing completed

2026-09-16 13:21:22 [INFO] thread 5 finished

2026-09-16 13:21:22 [INFO] thread 6 data processing completed

2026-09-16 13:21:22 [INFO] thread 6 finished

2026-09-16 13:21:22 [INFO] /home/liup/project/data/smartyper/par/bc/out/SRR10717863_output_reads.fastq.gz writer finished

2026-09-16 13:21:22 [INFO] start to generate reports

2026-09-16 13:21:22 [INFO] Starting to write SNV table!

2026-09-16 13:21:23 [INFO] starting to read geno output file for sample: SRR10717863
2026-09-16 13:21:23 [INFO] starting to read ml output file for sample: SRR10717863
2026-09-16 13:21:23 [INFO] starting to read ml file for sample: SRR10717863
2026-09-16 13:21:23 [INFO] finished to read ml file for sample: SRR10717863
2026-09-16 13:21:23 [INFO] starting to read microhap output file for sample: SRR10717863
2026-09-16 13:21:23 [INFO] starting to read sample SRR10717863 mh file
2026-09-16 13:21:23 [INFO] Starting to write haplotype table!

2026-09-16 13:21:23 [INFO] Starting to write ML haplotype table!

2026-09-16 13:21:23 [INFO] Starting to write amplicon table!

2026-09-16 13:21:23 [INFO] finished to read sample SRR10717863 mh file
2026-09-16 13:21:23 [INFO] starting to read amplicon output file for sample: SRR10717863
2026-09-16 13:21:23 [INFO] starting to read sample SRR10717863 amplicon file
2026-09-16 13:21:23 [INFO] Starting to write error rate table!

2026-09-16 13:21:23 [INFO] Finished writing genotype table!

2026-09-16 13:21:23 [INFO] Finished writing ML haplotype table!

2026-09-16 13:21:23 [INFO] Finished writing amplicon table!

2026-09-16 13:21:23 [INFO] Finished writing error rate table!

2026-09-16 13:21:23 [INFO] Duplication rate: 12.2263%

2026-09-16 13:21:23 [INFO] Insert size peak (evaluated by paired-end reads): 200

2026-09-16 13:21:23 [INFO] Finished Json report

2026-09-16 13:21:23 [INFO] Finished Html report

2026-09-16 13:21:23 [INFO] JSON report: /home/liup/project/data/smartyper/par/bc/out/SRR10717863.json

2026-09-16 13:21:23 [INFO] finished to read sample SRR10717863 amplicon file
2026-09-16 13:21:23 [INFO] starting to read snp file for sample: SRR10717863
2026-09-16 13:21:23 [INFO] starting to read snp file for sample: SRR10717863
2026-09-16 13:21:23 [INFO] finished to read snp file for sample: SRR10717863
2026-09-16 13:21:23 [INFO] finished to read geno output file for sample: SRR10717863
2026-09-16 13:21:23 [INFO] HTML report: /home/liup/project/data/smartyper/par/bc/out/SRR10717863.html

2026-09-16 13:21:23 [INFO] seqtyper --var snp --loc /home/liup/project/data/smartyper/par/bc/loc.txt --minReads4Locus 30 --maxMismatchesPSeq 4 --thread 10 --average_qual 20 --length_required 30 --smProp1H 0.8 --smProp1L 0.72 --mmProp1H 0.8 --mmProp1L 0.78 --mProp2 0.7 --minReads4Allele 10 --maxRVs4Align 6 --prefix /home/liup/project/data/smartyper/par/bc/out/SRR10717863 --in1 /home/liup/project/data/smartyper/par/bc/raw/SRR10717863_R1.fastq.gz --in2 /home/liup/project/data/smartyper/par/bc/raw/SRR10717863_R2.fastq.gz --verbose 

2026-09-16 13:21:23 [INFO] seq2typer v2.1.0.0, time used: 100 seconds

2026-09-16 13:21:23 [INFO] seq2typer v2.1.0.0, time used: 100 seconds

2026-09-16 13:21:23 [INFO] reading sample SRR10717863 outputs

2026-09-16 13:21:23 [INFO] reading sample SRR10717863 genotype done!

2026-09-16 13:21:24 [INFO] reading sample SRR10717863 reads done!

2026-09-16 13:21:24 [INFO] reading sample SRR10717863 jason file done!

2026-09-16 13:21:25 [INFO] ploting sample SRR10717863 reads quality done!

2026-09-16 13:21:25 [INFO] Finish the processing sample: SRR10717863, 1 out of 2 samples

2026-09-16 13:21:25 [INFO] ---------------------------------------------------------end index: 1----------------------------------------------------



2026-09-16 13:21:25 [INFO] ---------------------------------------------------------start index: 2--------------------------------------------------

2026-09-16 13:21:25 [INFO] Start to process sample: SRR10717889, 2 out of 2 samples

2026-09-16 13:21:25 [INFO] Running Seq2Type for sample: SRR10717889, this is slow and please be patient!

2026-09-16 13:21:25 [INFO] Reading locus file: /home/liup/project/data/smartyper/par/bc/loc.txt

2026-09-16 13:21:25 [INFO] Read loci of: 224

2026-09-16 13:21:25 [INFO] start to load data

2026-09-16 13:21:27 [INFO] all reads loaded, start to monitor thread status

2026-09-16 13:21:29 [INFO] thread 5 is processing the 10 / 305 pack

2026-09-16 13:21:29 [INFO] thread 7 is processing the 11 / 305 pack

2026-09-16 13:21:29 [INFO] thread 10 is processing the 12 / 305 pack

2026-09-16 13:21:29 [INFO] thread 3 is processing the 13 / 305 pack

2026-09-16 13:21:29 [INFO] thread 9 is processing the 14 / 305 pack

2026-09-16 13:21:29 [INFO] thread 4 is processing the 15 / 305 pack

2026-09-16 13:21:29 [INFO] thread 6 is processing the 16 / 305 pack

2026-09-16 13:21:29 [INFO] thread 2 is processing the 17 / 305 pack

2026-09-16 13:21:29 [INFO] thread 1 is processing the 18 / 305 pack

2026-09-16 13:21:29 [INFO] thread 8 is processing the 19 / 305 pack

2026-09-16 13:21:32 [INFO] thread 5 is processing the 20 / 305 pack

2026-09-16 13:21:32 [INFO] thread 7 is processing the 21 / 305 pack

2026-09-16 13:21:32 [INFO] thread 10 is processing the 22 / 305 pack

2026-09-16 13:21:33 [INFO] thread 6 is processing the 23 / 305 pack

2026-09-16 13:21:33 [INFO] thread 4 is processing the 24 / 305 pack

2026-09-16 13:21:33 [INFO] thread 9 is processing the 25 / 305 pack

2026-09-16 13:21:33 [INFO] thread 2 is processing the 26 / 305 pack

2026-09-16 13:21:33 [INFO] thread 3 is processing the 27 / 305 pack

2026-09-16 13:21:33 [INFO] thread 1 is processing the 28 / 305 pack

2026-09-16 13:21:33 [INFO] thread 8 is processing the 29 / 305 pack

2026-09-16 13:21:35 [INFO] thread 10 is processing the 30 / 305 pack

2026-09-16 13:21:36 [INFO] thread 7 is processing the 31 / 305 pack

2026-09-16 13:21:36 [INFO] thread 6 is processing the 32 / 305 pack

2026-09-16 13:21:36 [INFO] thread 4 is processing the 33 / 305 pack

2026-09-16 13:21:36 [INFO] thread 5 is processing the 34 / 305 pack

2026-09-16 13:21:37 [INFO] thread 9 is processing the 35 / 305 pack

2026-09-16 13:21:37 [INFO] thread 1 is processing the 36 / 305 pack

2026-09-16 13:21:37 [INFO] thread 3 is processing the 37 / 305 pack

2026-09-16 13:21:37 [INFO] thread 8 is processing the 38 / 305 pack

2026-09-16 13:21:37 [INFO] thread 2 is processing the 39 / 305 pack

2026-09-16 13:21:39 [INFO] thread 10 is processing the 40 / 305 pack

2026-09-16 13:21:39 [INFO] thread 7 is processing the 41 / 305 pack

2026-09-16 13:21:40 [INFO] thread 4 is processing the 42 / 305 pack

2026-09-16 13:21:40 [INFO] thread 6 is processing the 43 / 305 pack

2026-09-16 13:21:40 [INFO] thread 5 is processing the 44 / 305 pack

2026-09-16 13:21:40 [INFO] thread 1 is processing the 45 / 305 pack

2026-09-16 13:21:40 [INFO] thread 9 is processing the 46 / 305 pack

2026-09-16 13:21:40 [INFO] thread 8 is processing the 47 / 305 pack

2026-09-16 13:21:40 [INFO] thread 3 is processing the 48 / 305 pack

2026-09-16 13:21:41 [INFO] thread 2 is processing the 49 / 305 pack

2026-09-16 13:21:42 [INFO] thread 10 is processing the 50 / 305 pack

2026-09-16 13:21:43 [INFO] thread 7 is processing the 51 / 305 pack

2026-09-16 13:21:43 [INFO] thread 6 is processing the 52 / 305 pack

2026-09-16 13:21:43 [INFO] thread 1 is processing the 53 / 305 pack

2026-09-16 13:21:43 [INFO] thread 4 is processing the 54 / 305 pack

2026-09-16 13:21:43 [INFO] thread 5 is processing the 55 / 305 pack

2026-09-16 13:21:43 [INFO] thread 9 is processing the 56 / 305 pack

2026-09-16 13:21:43 [INFO] thread 3 is processing the 57 / 305 pack

2026-09-16 13:21:44 [INFO] thread 8 is processing the 58 / 305 pack

2026-09-16 13:21:44 [INFO] thread 2 is processing the 59 / 305 pack

2026-09-16 13:21:45 [INFO] thread 10 is processing the 60 / 305 pack

2026-09-16 13:21:46 [INFO] thread 7 is processing the 61 / 305 pack

2026-09-16 13:21:46 [INFO] thread 6 is processing the 62 / 305 pack

2026-09-16 13:21:46 [INFO] thread 1 is processing the 63 / 305 pack

2026-09-16 13:21:46 [INFO] thread 5 is processing the 64 / 305 pack

2026-09-16 13:21:46 [INFO] thread 4 is processing the 65 / 305 pack

2026-09-16 13:21:47 [INFO] thread 9 is processing the 66 / 305 pack

2026-09-16 13:21:47 [INFO] thread 3 is processing the 67 / 305 pack

2026-09-16 13:21:47 [INFO] thread 8 is processing the 68 / 305 pack

2026-09-16 13:21:47 [INFO] thread 2 is processing the 69 / 305 pack

2026-09-16 13:21:49 [INFO] thread 10 is processing the 70 / 305 pack

2026-09-16 13:21:49 [INFO] thread 7 is processing the 71 / 305 pack

2026-09-16 13:21:49 [INFO] thread 1 is processing the 72 / 305 pack

2026-09-16 13:21:50 [INFO] thread 6 is processing the 73 / 305 pack

2026-09-16 13:21:50 [INFO] thread 9 is processing the 74 / 305 pack

2026-09-16 13:21:50 [INFO] thread 5 is processing the 75 / 305 pack

2026-09-16 13:21:50 [INFO] thread 4 is processing the 76 / 305 pack

2026-09-16 13:21:50 [INFO] thread 3 is processing the 77 / 305 pack

2026-09-16 13:21:50 [INFO] thread 8 is processing the 78 / 305 pack

2026-09-16 13:21:51 [INFO] thread 2 is processing the 79 / 305 pack

2026-09-16 13:21:52 [INFO] thread 10 is processing the 80 / 305 pack

2026-09-16 13:21:53 [INFO] thread 7 is processing the 81 / 305 pack

2026-09-16 13:21:53 [INFO] thread 1 is processing the 82 / 305 pack

2026-09-16 13:21:53 [INFO] thread 6 is processing the 83 / 305 pack

2026-09-16 13:21:53 [INFO] thread 9 is processing the 84 / 305 pack

2026-09-16 13:21:53 [INFO] thread 5 is processing the 85 / 305 pack

2026-09-16 13:21:53 [INFO] thread 3 is processing the 86 / 305 pack

2026-09-16 13:21:53 [INFO] thread 4 is processing the 87 / 305 pack

2026-09-16 13:21:54 [INFO] thread 8 is processing the 88 / 305 pack

2026-09-16 13:21:54 [INFO] thread 2 is processing the 89 / 305 pack

2026-09-16 13:21:55 [INFO] thread 10 is processing the 90 / 305 pack

2026-09-16 13:21:56 [INFO] thread 7 is processing the 91 / 305 pack

2026-09-16 13:21:56 [INFO] thread 9 is processing the 92 / 305 pack

2026-09-16 13:21:56 [INFO] thread 1 is processing the 93 / 305 pack

2026-09-16 13:21:57 [INFO] thread 6 is processing the 94 / 305 pack

2026-09-16 13:21:57 [INFO] thread 3 is processing the 95 / 305 pack

2026-09-16 13:21:57 [INFO] thread 5 is processing the 96 / 305 pack

2026-09-16 13:21:57 [INFO] thread 4 is processing the 97 / 305 pack

2026-09-16 13:21:57 [INFO] thread 8 is processing the 98 / 305 pack

2026-09-16 13:21:58 [INFO] thread 2 is processing the 99 / 305 pack

2026-09-16 13:21:59 [INFO] thread 10 is processing the 100 / 305 pack

2026-09-16 13:21:59 [INFO] thread 7 is processing the 101 / 305 pack

2026-09-16 13:21:59 [INFO] thread 9 is processing the 102 / 305 pack

2026-09-16 13:22:00 [INFO] thread 1 is processing the 103 / 305 pack

2026-09-16 13:22:00 [INFO] thread 6 is processing the 104 / 305 pack

2026-09-16 13:22:00 [INFO] thread 4 is processing the 105 / 305 pack

2026-09-16 13:22:00 [INFO] thread 3 is processing the 106 / 305 pack

2026-09-16 13:22:00 [INFO] thread 5 is processing the 107 / 305 pack

2026-09-16 13:22:00 [INFO] thread 8 is processing the 108 / 305 pack

2026-09-16 13:22:01 [INFO] thread 2 is processing the 109 / 305 pack

2026-09-16 13:22:02 [INFO] thread 10 is processing the 110 / 305 pack

2026-09-16 13:22:03 [INFO] thread 9 is processing the 111 / 305 pack

2026-09-16 13:22:03 [INFO] thread 1 is processing the 112 / 305 pack

2026-09-16 13:22:03 [INFO] thread 7 is processing the 113 / 305 pack

2026-09-16 13:22:03 [INFO] thread 6 is processing the 114 / 305 pack

2026-09-16 13:22:03 [INFO] thread 4 is processing the 115 / 305 pack

2026-09-16 13:22:03 [INFO] thread 3 is processing the 116 / 305 pack

2026-09-16 13:22:04 [INFO] thread 8 is processing the 117 / 305 pack

2026-09-16 13:22:04 [INFO] thread 5 is processing the 118 / 305 pack

2026-09-16 13:22:04 [INFO] thread 2 is processing the 119 / 305 pack

2026-09-16 13:22:06 [INFO] thread 10 is processing the 120 / 305 pack

2026-09-16 13:22:06 [INFO] thread 9 is processing the 121 / 305 pack

2026-09-16 13:22:07 [INFO] thread 1 is processing the 122 / 305 pack

2026-09-16 13:22:07 [INFO] thread 7 is processing the 123 / 305 pack

2026-09-16 13:22:07 [INFO] thread 6 is processing the 124 / 305 pack

2026-09-16 13:22:07 [INFO] thread 3 is processing the 125 / 305 pack

2026-09-16 13:22:07 [INFO] thread 4 is processing the 126 / 305 pack

2026-09-16 13:22:07 [INFO] thread 5 is processing the 127 / 305 pack

2026-09-16 13:22:08 [INFO] thread 8 is processing the 128 / 305 pack

2026-09-16 13:22:08 [INFO] thread 2 is processing the 129 / 305 pack

2026-09-16 13:22:09 [INFO] thread 10 is processing the 130 / 305 pack

2026-09-16 13:22:09 [INFO] thread 9 is processing the 131 / 305 pack

2026-09-16 13:22:10 [INFO] thread 7 is processing the 132 / 305 pack

2026-09-16 13:22:10 [INFO] thread 6 is processing the 133 / 305 pack

2026-09-16 13:22:10 [INFO] thread 1 is processing the 134 / 305 pack

2026-09-16 13:22:10 [INFO] thread 3 is processing the 135 / 305 pack

2026-09-16 13:22:10 [INFO] thread 4 is processing the 136 / 305 pack

2026-09-16 13:22:11 [INFO] thread 5 is processing the 137 / 305 pack

2026-09-16 13:22:11 [INFO] thread 8 is processing the 138 / 305 pack

2026-09-16 13:22:12 [INFO] thread 2 is processing the 139 / 305 pack

2026-09-16 13:22:13 [INFO] thread 9 is processing the 140 / 305 pack

2026-09-16 13:22:13 [INFO] thread 10 is processing the 141 / 305 pack

2026-09-16 13:22:13 [INFO] thread 7 is processing the 142 / 305 pack

2026-09-16 13:22:13 [INFO] thread 6 is processing the 143 / 305 pack

2026-09-16 13:22:13 [INFO] thread 1 is processing the 144 / 305 pack

2026-09-16 13:22:13 [INFO] thread 3 is processing the 145 / 305 pack

2026-09-16 13:22:13 [INFO] thread 4 is processing the 146 / 305 pack

2026-09-16 13:22:14 [INFO] thread 5 is processing the 147 / 305 pack

2026-09-16 13:22:15 [INFO] thread 8 is processing the 148 / 305 pack

2026-09-16 13:22:15 [INFO] thread 2 is processing the 149 / 305 pack

2026-09-16 13:22:16 [INFO] thread 9 is processing the 150 / 305 pack

2026-09-16 13:22:16 [INFO] thread 10 is processing the 151 / 305 pack

2026-09-16 13:22:16 [INFO] thread 7 is processing the 152 / 305 pack

2026-09-16 13:22:16 [INFO] thread 6 is processing the 153 / 305 pack

2026-09-16 13:22:16 [INFO] thread 1 is processing the 154 / 305 pack

2026-09-16 13:22:17 [INFO] thread 3 is processing the 155 / 305 pack

2026-09-16 13:22:17 [INFO] thread 4 is processing the 156 / 305 pack

2026-09-16 13:22:17 [INFO] thread 5 is processing the 157 / 305 pack

2026-09-16 13:22:17 [INFO] thread 8 is processing the 158 / 305 pack

2026-09-16 13:22:18 [INFO] thread 2 is processing the 159 / 305 pack

2026-09-16 13:22:19 [INFO] thread 9 is processing the 160 / 305 pack

2026-09-16 13:22:19 [INFO] thread 10 is processing the 161 / 305 pack

2026-09-16 13:22:20 [INFO] thread 6 is processing the 162 / 305 pack

2026-09-16 13:22:20 [INFO] thread 7 is processing the 163 / 305 pack

2026-09-16 13:22:20 [INFO] thread 1 is processing the 164 / 305 pack

2026-09-16 13:22:20 [INFO] thread 4 is processing the 165 / 305 pack

2026-09-16 13:22:20 [INFO] thread 3 is processing the 166 / 305 pack

2026-09-16 13:22:20 [INFO] thread 5 is processing the 167 / 305 pack

2026-09-16 13:22:21 [INFO] thread 8 is processing the 168 / 305 pack

2026-09-16 13:22:21 [INFO] thread 2 is processing the 169 / 305 pack

2026-09-16 13:22:22 [INFO] thread 9 is processing the 170 / 305 pack

2026-09-16 13:22:23 [INFO] thread 10 is processing the 171 / 305 pack

2026-09-16 13:22:23 [INFO] thread 6 is processing the 172 / 305 pack

2026-09-16 13:22:23 [INFO] thread 7 is processing the 173 / 305 pack

2026-09-16 13:22:23 [INFO] thread 1 is processing the 174 / 305 pack

2026-09-16 13:22:23 [INFO] thread 4 is processing the 175 / 305 pack

2026-09-16 13:22:24 [INFO] thread 3 is processing the 176 / 305 pack

2026-09-16 13:22:24 [INFO] thread 5 is processing the 177 / 305 pack

2026-09-16 13:22:24 [INFO] thread 8 is processing the 178 / 305 pack

2026-09-16 13:22:24 [INFO] thread 2 is processing the 179 / 305 pack

2026-09-16 13:22:25 [INFO] thread 9 is processing the 180 / 305 pack

2026-09-16 13:22:26 [INFO] thread 10 is processing the 181 / 305 pack

2026-09-16 13:22:26 [INFO] thread 6 is processing the 182 / 305 pack

2026-09-16 13:22:26 [INFO] thread 1 is processing the 183 / 305 pack

2026-09-16 13:22:26 [INFO] thread 7 is processing the 184 / 305 pack

2026-09-16 13:22:27 [INFO] thread 4 is processing the 185 / 305 pack

2026-09-16 13:22:27 [INFO] thread 3 is processing the 186 / 305 pack

2026-09-16 13:22:27 [INFO] thread 5 is processing the 187 / 305 pack

2026-09-16 13:22:28 [INFO] thread 8 is processing the 188 / 305 pack

2026-09-16 13:22:28 [INFO] thread 2 is processing the 189 / 305 pack

2026-09-16 13:22:29 [INFO] thread 9 is processing the 190 / 305 pack

2026-09-16 13:22:29 [INFO] thread 10 is processing the 191 / 305 pack

2026-09-16 13:22:29 [INFO] thread 6 is processing the 192 / 305 pack

2026-09-16 13:22:30 [INFO] thread 7 is processing the 193 / 305 pack

2026-09-16 13:22:30 [INFO] thread 1 is processing the 194 / 305 pack

2026-09-16 13:22:30 [INFO] thread 4 is processing the 195 / 305 pack

2026-09-16 13:22:30 [INFO] thread 3 is processing the 196 / 305 pack

2026-09-16 13:22:31 [INFO] thread 5 is processing the 197 / 305 pack

2026-09-16 13:22:31 [INFO] thread 2 is processing the 198 / 305 pack

2026-09-16 13:22:31 [INFO] thread 8 is processing the 199 / 305 pack

2026-09-16 13:22:32 [INFO] thread 9 is processing the 200 / 305 pack

2026-09-16 13:22:32 [INFO] thread 10 is processing the 201 / 305 pack

2026-09-16 13:22:33 [INFO] thread 6 is processing the 202 / 305 pack

2026-09-16 13:22:33 [INFO] thread 1 is processing the 203 / 305 pack

2026-09-16 13:22:33 [INFO] thread 7 is processing the 204 / 305 pack

2026-09-16 13:22:33 [INFO] thread 4 is processing the 205 / 305 pack

2026-09-16 13:22:33 [INFO] thread 3 is processing the 206 / 305 pack

2026-09-16 13:22:34 [INFO] thread 5 is processing the 207 / 305 pack

2026-09-16 13:22:34 [INFO] thread 2 is processing the 208 / 305 pack

2026-09-16 13:22:34 [INFO] thread 8 is processing the 209 / 305 pack

2026-09-16 13:22:35 [INFO] thread 9 is processing the 210 / 305 pack

2026-09-16 13:22:36 [INFO] thread 10 is processing the 211 / 305 pack

2026-09-16 13:22:36 [INFO] thread 6 is processing the 212 / 305 pack

2026-09-16 13:22:37 [INFO] thread 7 is processing the 213 / 305 pack

2026-09-16 13:22:37 [INFO] thread 1 is processing the 214 / 305 pack

2026-09-16 13:22:37 [INFO] thread 4 is processing the 215 / 305 pack

2026-09-16 13:22:37 [INFO] thread 2 is processing the 216 / 305 pack

2026-09-16 13:22:37 [INFO] thread 3 is processing the 217 / 305 pack

2026-09-16 13:22:37 [INFO] thread 5 is processing the 218 / 305 pack

2026-09-16 13:22:38 [INFO] thread 8 is processing the 219 / 305 pack

2026-09-16 13:22:38 [INFO] thread 9 is processing the 220 / 305 pack

2026-09-16 13:22:39 [INFO] thread 10 is processing the 221 / 305 pack

2026-09-16 13:22:40 [INFO] thread 6 is processing the 222 / 305 pack

2026-09-16 13:22:40 [INFO] thread 7 is processing the 223 / 305 pack

2026-09-16 13:22:40 [INFO] thread 1 is processing the 224 / 305 pack

2026-09-16 13:22:40 [INFO] thread 4 is processing the 225 / 305 pack

2026-09-16 13:22:41 [INFO] thread 3 is processing the 226 / 305 pack

2026-09-16 13:22:41 [INFO] thread 2 is processing the 227 / 305 pack

2026-09-16 13:22:41 [INFO] thread 5 is processing the 228 / 305 pack

2026-09-16 13:22:42 [INFO] thread 8 is processing the 229 / 305 pack

2026-09-16 13:22:42 [INFO] thread 9 is processing the 230 / 305 pack

2026-09-16 13:22:43 [INFO] thread 10 is processing the 231 / 305 pack

2026-09-16 13:22:43 [INFO] thread 6 is processing the 232 / 305 pack

2026-09-16 13:22:44 [INFO] thread 1 is processing the 233 / 305 pack

2026-09-16 13:22:44 [INFO] thread 7 is processing the 234 / 305 pack

2026-09-16 13:22:44 [INFO] thread 4 is processing the 235 / 305 pack

2026-09-16 13:22:44 [INFO] thread 3 is processing the 236 / 305 pack

2026-09-16 13:22:45 [INFO] thread 2 is processing the 237 / 305 pack

2026-09-16 13:22:45 [INFO] thread 5 is processing the 238 / 305 pack

2026-09-16 13:22:45 [INFO] thread 8 is processing the 239 / 305 pack

2026-09-16 13:22:46 [INFO] thread 9 is processing the 240 / 305 pack

2026-09-16 13:22:47 [INFO] thread 10 is processing the 241 / 305 pack

2026-09-16 13:22:47 [INFO] thread 6 is processing the 242 / 305 pack

2026-09-16 13:22:47 [INFO] thread 7 is processing the 243 / 305 pack

2026-09-16 13:22:47 [INFO] thread 1 is processing the 244 / 305 pack

2026-09-16 13:22:48 [INFO] thread 4 is processing the 245 / 305 pack

2026-09-16 13:22:48 [INFO] thread 2 is processing the 246 / 305 pack

2026-09-16 13:22:48 [INFO] thread 3 is processing the 247 / 305 pack

2026-09-16 13:22:48 [INFO] thread 5 is processing the 248 / 305 pack

2026-09-16 13:22:49 [INFO] thread 8 is processing the 249 / 305 pack

2026-09-16 13:22:49 [INFO] thread 9 is processing the 250 / 305 pack

2026-09-16 13:22:50 [INFO] thread 10 is processing the 251 / 305 pack

2026-09-16 13:22:50 [INFO] thread 7 is processing the 252 / 305 pack

2026-09-16 13:22:51 [INFO] thread 6 is processing the 253 / 305 pack

2026-09-16 13:22:51 [INFO] thread 1 is processing the 254 / 305 pack

2026-09-16 13:22:51 [INFO] thread 4 is processing the 255 / 305 pack

2026-09-16 13:22:51 [INFO] thread 3 is processing the 256 / 305 pack

2026-09-16 13:22:51 [INFO] thread 5 is processing the 257 / 305 pack

2026-09-16 13:22:51 [INFO] thread 2 is processing the 258 / 305 pack

2026-09-16 13:22:52 [INFO] thread 8 is processing the 259 / 305 pack

2026-09-16 13:22:53 [INFO] thread 10 is processing the 260 / 305 pack

2026-09-16 13:22:53 [INFO] thread 9 is processing the 261 / 305 pack

2026-09-16 13:22:54 [INFO] thread 7 is processing the 262 / 305 pack

2026-09-16 13:22:54 [INFO] thread 6 is processing the 263 / 305 pack

2026-09-16 13:22:54 [INFO] thread 1 is processing the 264 / 305 pack

2026-09-16 13:22:54 [INFO] thread 3 is processing the 265 / 305 pack

2026-09-16 13:22:55 [INFO] thread 4 is processing the 266 / 305 pack

2026-09-16 13:22:55 [INFO] thread 5 is processing the 267 / 305 pack

2026-09-16 13:22:55 [INFO] thread 2 is processing the 268 / 305 pack

2026-09-16 13:22:55 [INFO] thread 8 is processing the 269 / 305 pack

2026-09-16 13:22:56 [INFO] thread 9 is processing the 270 / 305 pack

2026-09-16 13:22:56 [INFO] thread 10 is processing the 271 / 305 pack

2026-09-16 13:22:57 [INFO] thread 6 is processing the 272 / 305 pack

2026-09-16 13:22:57 [INFO] thread 7 is processing the 273 / 305 pack

2026-09-16 13:22:58 [INFO] thread 1 is processing the 274 / 305 pack

2026-09-16 13:22:58 [INFO] thread 3 is processing the 275 / 305 pack

2026-09-16 13:22:58 [INFO] thread 4 is processing the 276 / 305 pack

2026-09-16 13:22:59 [INFO] thread 5 is processing the 277 / 305 pack

2026-09-16 13:22:59 [INFO] thread 2 is processing the 278 / 305 pack

2026-09-16 13:22:59 [INFO] thread 8 is processing the 279 / 305 pack

2026-09-16 13:22:59 [INFO] thread 10 is processing the 280 / 305 pack

2026-09-16 13:23:00 [INFO] thread 9 is processing the 281 / 305 pack

2026-09-16 13:23:01 [INFO] thread 6 is processing the 282 / 305 pack

2026-09-16 13:23:01 [INFO] thread 7 is processing the 283 / 305 pack

2026-09-16 13:23:01 [INFO] thread 1 is processing the 284 / 305 pack

2026-09-16 13:23:01 [INFO] thread 3 is processing the 285 / 305 pack

2026-09-16 13:23:01 [INFO] thread 4 is processing the 286 / 305 pack

2026-09-16 13:23:02 [INFO] thread 5 is processing the 287 / 305 pack

2026-09-16 13:23:02 [INFO] thread 2 is processing the 288 / 305 pack

2026-09-16 13:23:03 [INFO] thread 8 is processing the 289 / 305 pack

2026-09-16 13:23:03 [INFO] thread 10 is processing the 290 / 305 pack

2026-09-16 13:23:03 [INFO] thread 9 is processing the 291 / 305 pack

2026-09-16 13:23:04 [INFO] thread 6 is processing the 292 / 305 pack

2026-09-16 13:23:04 [INFO] thread 1 is processing the 293 / 305 pack

2026-09-16 13:23:04 [INFO] thread 7 is processing the 294 / 305 pack

2026-09-16 13:23:04 [INFO] thread 3 is processing the 295 / 305 pack

2026-09-16 13:23:05 [INFO] thread 4 is processing the 296 / 305 pack

2026-09-16 13:23:05 [INFO] thread 5 is processing the 297 / 305 pack

2026-09-16 13:23:05 [INFO] thread 2 is processing the 298 / 305 pack

2026-09-16 13:23:06 [INFO] thread 8 is processing the 299 / 305 pack

2026-09-16 13:23:06 [INFO] thread 10 is processing the 300 / 305 pack

2026-09-16 13:23:06 [INFO] thread 9 is processing the 301 / 305 pack

2026-09-16 13:23:07 [INFO] thread 7 is processing the 302 / 305 pack

2026-09-16 13:23:07 [INFO] thread 6 is processing the 303 / 305 pack

2026-09-16 13:23:07 [INFO] thread 1 is processing the 304 / 305 pack

2026-09-16 13:23:07 [INFO] thread 4 data processing completed

2026-09-16 13:23:08 [INFO] thread 4 finished

2026-09-16 13:23:08 [INFO] thread 3 data processing completed

2026-09-16 13:23:08 [INFO] thread 3 finished

2026-09-16 13:23:08 [INFO] thread 5 data processing completed

2026-09-16 13:23:08 [INFO] thread 5 finished

2026-09-16 13:23:08 [INFO] thread 2 data processing completed

2026-09-16 13:23:08 [INFO] thread 2 finished

2026-09-16 13:23:09 [INFO] thread 1 data processing completed

2026-09-16 13:23:09 [INFO] thread 1 finished

2026-09-16 13:23:09 [INFO] thread 8 data processing completed

2026-09-16 13:23:09 [INFO] thread 8 finished

2026-09-16 13:23:09 [INFO] thread 10 data processing completed

2026-09-16 13:23:09 [INFO] thread 10 finished

2026-09-16 13:23:09 [INFO] thread 9 data processing completed

2026-09-16 13:23:09 [INFO] thread 9 finished

2026-09-16 13:23:10 [INFO] thread 6 data processing completed

2026-09-16 13:23:10 [INFO] thread 6 finished

2026-09-16 13:23:10 [INFO] thread 7 data processing completed

2026-09-16 13:23:10 [INFO] thread 7 finished

2026-09-16 13:23:10 [INFO] /home/liup/project/data/smartyper/par/bc/out/SRR10717889_output_reads.fastq.gz writer finished

2026-09-16 13:23:10 [INFO] start to generate reports

2026-09-16 13:23:10 [INFO] Starting to write SNV table!

2026-09-16 13:23:10 [INFO] Starting to write haplotype table!

2026-09-16 13:23:10 [INFO] starting to read geno output file for sample: SRR10717889
2026-09-16 13:23:10 [INFO] starting to read ml output file for sample: SRR10717889
2026-09-16 13:23:10 [INFO] starting to read ml file for sample: SRR10717889
2026-09-16 13:23:10 [INFO] finished to read ml file for sample: SRR10717889
2026-09-16 13:23:10 [INFO] starting to read microhap output file for sample: SRR10717889
2026-09-16 13:23:10 [INFO] starting to read sample SRR10717889 mh file
2026-09-16 13:23:10 [INFO] Starting to write ML haplotype table!

2026-09-16 13:23:11 [INFO] Starting to write amplicon table!

2026-09-16 13:23:11 [INFO] finished to read sample SRR10717889 mh file
2026-09-16 13:23:11 [INFO] Starting to write error rate table!

2026-09-16 13:23:11 [INFO] starting to read amplicon output file for sample: SRR10717889
2026-09-16 13:23:11 [INFO] starting to read sample SRR10717889 amplicon file
2026-09-16 13:23:11 [INFO] Finished writing genotype table!

2026-09-16 13:23:11 [INFO] Finished writing ML haplotype table!

2026-09-16 13:23:11 [INFO] Finished writing amplicon table!

2026-09-16 13:23:11 [INFO] Finished writing error rate table!

2026-09-16 13:23:11 [INFO] Duplication rate: 11.06%

2026-09-16 13:23:11 [INFO] Insert size peak (evaluated by paired-end reads): 200

2026-09-16 13:23:11 [INFO] Finished Json report

2026-09-16 13:23:11 [INFO] finished to read sample SRR10717889 amplicon file
2026-09-16 13:23:11 [INFO] starting to read snp file for sample: SRR10717889
2026-09-16 13:23:11 [INFO] starting to read snp file for sample: SRR10717889
2026-09-16 13:23:11 [INFO] finished to read snp file for sample: SRR10717889
2026-09-16 13:23:11 [INFO] finished to read geno output file for sample: SRR10717889
2026-09-16 13:23:11 [INFO] Finished Html report

2026-09-16 13:23:11 [INFO] JSON report: /home/liup/project/data/smartyper/par/bc/out/SRR10717889.json

2026-09-16 13:23:11 [INFO] HTML report: /home/liup/project/data/smartyper/par/bc/out/SRR10717889.html

2026-09-16 13:23:11 [INFO] seqtyper --var snp --loc /home/liup/project/data/smartyper/par/bc/loc.txt --minReads4Locus 30 --maxMismatchesPSeq 4 --thread 10 --average_qual 20 --length_required 30 --smProp1H 0.8 --smProp1L 0.72 --mmProp1H 0.8 --mmProp1L 0.78 --mProp2 0.7 --minReads4Allele 10 --maxRVs4Align 6 --prefix /home/liup/project/data/smartyper/par/bc/out/SRR10717889 --in1 /home/liup/project/data/smartyper/par/bc/raw/SRR10717889_R1.fastq.gz --in2 /home/liup/project/data/smartyper/par/bc/raw/SRR10717889_R2.fastq.gz --verbose 

2026-09-16 13:23:11 [INFO] seq2typer v2.1.0.0, time used: 105 seconds

2026-09-16 13:23:11 [INFO] seq2typer v2.1.0.0, time used: 105 seconds

2026-09-16 13:23:11 [INFO] reading sample SRR10717889 outputs

2026-09-16 13:23:11 [INFO] reading sample SRR10717889 genotype done!

2026-09-16 13:23:12 [INFO] reading sample SRR10717889 reads done!

2026-09-16 13:23:12 [INFO] reading sample SRR10717889 jason file done!

2026-09-16 13:23:13 [INFO] starting to produce sample quality fig
2026-09-16 13:23:13 [INFO] ploting sample SRR10717889 reads quality done!

2026-09-16 13:23:13 [INFO] Finish the processing sample: SRR10717889, 2 out of 2 samples

2026-09-16 13:23:13 [INFO] ---------------------------------------------------------end index: 2----------------------------------------------------



2026-09-16 13:23:13 [INFO] starting to generate all sample figures

2026-09-16 13:23:13 [INFO] starting to generate quality fig for all samples with 10 threads

2026-09-16 13:23:13 [INFO] starting to produce sample quality fig!

2026-09-16 13:23:15 [INFO] finished to combined_dic for quality fig!

2026-09-16 13:23:15 [INFO] starting to facetgrid for quality fig!

2026-09-16 13:23:16 [INFO] finished plotting quality fig!

2026-09-16 13:23:16 [INFO] finished to produce sample quality fig
2026-09-16 13:23:16 [INFO] starting to produce sample read distribution fig
2026-09-16 13:23:16 [INFO] finished to produce sample quality fig!

2026-09-16 13:23:16 [INFO] finished to generate quality fig for all samples

2026-09-16 13:23:16 [INFO] starting to generate reads distributions fig for all samples with 10 threads

2026-09-16 13:23:16 [INFO] starting to produce sample read distribution fig!

2026-09-16 13:23:17 [INFO] finish to produce sample read distribution fig
2026-09-16 13:23:17 [INFO] Run summary - seq2type run: step elapsed time = 215.05s, total session time so far = 275.22s, total active time so far = 215.05s, peak memory = 1291.82 MB
2026-09-16 13:23:18 [INFO] finished to produce sample read distribution fig!

2026-09-16 13:23:18 [INFO] finished to generate all reads distributions fig for all samples

2026-09-16 13:23:18 [INFO] Log file saved to: /home/liup/project/data/smartyper/par/bc/out/smartyper_log.txt

2026-09-16 13:23:18 [INFO] Congrats! Seq2Type ran successfully! Please click 'Next' to proceed.

2026-09-16 13:23:26 [INFO] updating genotype tab from job runner
2026-09-16 13:23:26 [INFO] Starting genotype tab update...
2026-09-16 13:23:26 [INFO] Result type: sample
2026-09-16 13:23:26 [INFO] selected sample: SRR10717863, markers: 224
2026-09-16 13:23:26 [INFO] selected sample: SRR10717863
2026-09-16 13:23:30 [INFO] Figures length: 224
2026-09-16 13:23:30 [INFO] Finished processing all figures and tables, displaying genotype tab page...
2026-09-16 13:23:41 [INFO] Parameters snapshot - result output run
2026-09-16 13:23:41 [INFO]   analtype = snp
2026-09-16 13:23:41 [INFO]   seqtype = pe
2026-09-16 13:23:41 [INFO]   sexfile = 
2026-09-16 13:23:41 [INFO]   locifile = /home/liup/project/data/smartyper/par/bc/loc.txt
2026-09-16 13:23:41 [INFO]   inputdir = /home/liup/project/data/smartyper/par/bc/raw
2026-09-16 13:23:41 [INFO]   outputdir = /home/liup/project/data/smartyper/par/bc/out
2026-09-16 13:23:41 [INFO]   projectdir = 
2026-09-16 13:23:41 [INFO]   samplefile = /home/liup/project/data/smartyper/par/bc/sample.txt
2026-09-16 13:23:41 [INFO]   mlinputfile = 
2026-09-16 13:23:41 [INFO]   mloutputdir = 
2026-09-16 13:23:41 [INFO]   mlmodelinputfile = 
2026-09-16 13:23:41 [INFO]   mlmodel = False
2026-09-16 13:23:41 [INFO]   num_samples = 0
2026-09-16 13:23:41 [INFO]   project_genotype_model = False
2026-09-16 13:23:41 [INFO]   project_microtype_model = False
2026-09-16 13:23:41 [INFO]   outputgenotypeproject = project_genotype_session.dill
2026-09-16 13:23:41 [INFO]   outputmicrotypeproject = project_microtype_session.dill
2026-09-16 13:23:41 [INFO]   maxMismatchesPSeq = 4
2026-09-16 13:23:41 [INFO]   minReads4Locus = 30
2026-09-16 13:23:41 [INFO]   minReads4Allele = 10
2026-09-16 13:23:41 [INFO]   smProp1H = 0.8
2026-09-16 13:23:41 [INFO]   smProp1L = 0.72
2026-09-16 13:23:41 [INFO]   mmProp1H = 0.8
2026-09-16 13:23:41 [INFO]   mmProp1L = 0.78
2026-09-16 13:23:41 [INFO]   mProp2 = 0.7
2026-09-16 13:23:41 [INFO]   maxRVs4Align = 6
2026-09-16 13:23:41 [INFO]   maxMismatchesPSeqSex = 4
2026-09-16 13:23:41 [INFO]   maxMismatchesRefSeqSex = 4
2026-09-16 13:23:41 [INFO]   yxRatio = 0.0001
2026-09-16 13:23:41 [INFO]   minReadsSexAllele = 10
2026-09-16 13:23:41 [INFO]   minReadsSexVariant = 5
2026-09-16 13:23:41 [INFO]   sex_analysis = False
2026-09-16 13:23:41 [INFO]   nanopore_default = False
2026-09-16 13:23:41 [INFO]   revcomloci = False
2026-09-16 13:23:41 [INFO]   revcomsex = False
2026-09-16 13:23:41 [INFO]   average_qual = 20
2026-09-16 13:23:41 [INFO]   length_required = 30
2026-09-16 13:23:41 [INFO]   thread = 10
2026-09-16 13:23:41 [INFO]   cur_microhap_input_file = 
2026-09-16 13:23:41 [INFO]   pre_microhap_input_file = 
2026-09-16 13:23:41 [INFO]   post_microhap_output_dir = 
2026-09-16 13:23:41 [INFO]   include_pre_mh = True
2026-09-16 13:23:41 [INFO]   has_pre_mh = False
2026-09-16 13:23:41 [INFO]   pro_figure = True
2026-09-16 13:23:41 [INFO]   ml_training_ratio = 0.8
2026-09-16 13:23:41 [INFO] This process is memory intensive, it may take a while to finish. Please be patient and do not close the program.


2026-09-16 13:23:41 [INFO] -------------------------------start step 1 out 2-----------------------------
2026-09-16 13:23:41 [INFO] starting to dump genotyping project!
2026-09-16 13:23:41 [INFO] This is slow, please be patient!
2026-09-16 13:23:41 [INFO] Starting to dump session for project: genotype
2026-09-16 13:23:42 [INFO] Session successfully saved to: /home/liup/project/data/smartyper/par/bc/out/project_genotype_session.dill
2026-09-16 13:23:42 [INFO] finished to dump genotyping project!
2026-09-16 13:23:42 [INFO] -------------------------------end step 1 out 2-------------------------------


2026-09-16 13:23:42 [INFO] -------------------------------start step 2 out 2-----------------------------
2026-09-16 13:23:42 [INFO] starting to output all files!
2026-09-16 13:23:42 [INFO] starting to process each sample
2026-09-16 13:23:42 [INFO] starting to process each sample!
2026-09-16 13:23:49 [INFO] Finished samples: 2 out of 2
2026-09-16 13:23:49 [INFO] starting to process all the markers!
2026-09-16 13:23:53 [INFO] Finished 10 out of 224 markers...
2026-09-16 13:23:54 [INFO] Finished 20 out of 224 markers...
2026-09-16 13:23:54 [INFO] Finished 30 out of 224 markers...
2026-09-16 13:23:55 [INFO] Finished 40 out of 224 markers...
2026-09-16 13:23:56 [INFO] Finished 50 out of 224 markers...
2026-09-16 13:23:56 [INFO] Finished 60 out of 224 markers...
2026-09-16 13:23:57 [INFO] Finished 70 out of 224 markers...
2026-09-16 13:23:58 [INFO] Finished 80 out of 224 markers...
2026-09-16 13:23:58 [INFO] Finished 90 out of 224 markers...
2026-09-16 13:23:59 [INFO] Finished 100 out of 224 markers...
2026-09-16 13:24:00 [INFO] Finished 110 out of 224 markers...
2026-09-16 13:24:00 [INFO] Finished 120 out of 224 markers...
2026-09-16 13:24:01 [INFO] Finished 130 out of 224 markers...
2026-09-16 13:24:01 [INFO] Finished 140 out of 224 markers...
2026-09-16 13:24:02 [INFO] Finished 150 out of 224 markers...
2026-09-16 13:24:03 [INFO] Finished 160 out of 224 markers...
2026-09-16 13:24:04 [INFO] Finished 170 out of 224 markers...
2026-09-16 13:24:04 [INFO] Finished 180 out of 224 markers...
2026-09-16 13:24:05 [INFO] Finished 190 out of 224 markers...
2026-09-16 13:24:05 [INFO] Finished 200 out of 224 markers...
2026-09-16 13:24:06 [INFO] Finished 210 out of 224 markers...
2026-09-16 13:24:06 [INFO] Finished 220 out of 224 markers...
2026-09-16 13:24:07 [INFO] finished to process all the markers
2026-09-16 13:24:07 [INFO] begin to process all_sample geno table!
2026-09-16 13:24:07 [INFO] begin to process all_sample geno table!
2026-09-16 13:24:07 [INFO] finished to output all files!
2026-09-16 13:24:07 [INFO] -------------------------------end step 2 out 2-------------------------------


2026-09-16 13:24:07 [INFO] Genotyping processing completed successfully. Please click 'Microtype →' for microtype analysis or 'Exit' to close the program.
2026-09-16 13:24:07 [INFO] Total elapsed time: 0m and 26s.
2026-09-16 13:24:07 [INFO] Run summary - result output run: step elapsed time = 26.58s, total session time so far = 325.02s, total active time so far = 241.64s, peak memory = 1291.82 MB
2026-09-16 13:24:11 [INFO] reading loci file: /home/liup/project/data/smartyper/par/bc/loc.txt
2026-09-16 13:24:11 [INFO] total 224 markers read from loci file
2026-09-16 13:24:11 [INFO] total 224 markers read from loci file
2026-09-16 13:24:11 [INFO] reading loci file: /home/liup/project/data/smartyper/par/bc/loc.txt
2026-09-16 13:24:11 [INFO] total 224 markers read from loci file
2026-09-16 13:24:11 [INFO] total 224 markers read from loci file
2026-09-16 13:24:19 [INFO] Parameters snapshot - microtype run
2026-09-16 13:24:19 [INFO]   analtype = snp
2026-09-16 13:24:19 [INFO]   seqtype = pe
2026-09-16 13:24:19 [INFO]   sexfile = 
2026-09-16 13:24:19 [INFO]   locifile = /home/liup/project/data/smartyper/par/bc/loc.txt
2026-09-16 13:24:19 [INFO]   inputdir = /home/liup/project/data/smartyper/par/bc/raw
2026-09-16 13:24:19 [INFO]   outputdir = /home/liup/project/data/smartyper/par/bc/out
2026-09-16 13:24:19 [INFO]   projectdir = 
2026-09-16 13:24:19 [INFO]   samplefile = /home/liup/project/data/smartyper/par/bc/sample.txt
2026-09-16 13:24:19 [INFO]   mlinputfile = 
2026-09-16 13:24:19 [INFO]   mloutputdir = 
2026-09-16 13:24:19 [INFO]   mlmodelinputfile = 
2026-09-16 13:24:19 [INFO]   mlmodel = False
2026-09-16 13:24:19 [INFO]   num_samples = 0
2026-09-16 13:24:19 [INFO]   project_genotype_model = True
2026-09-16 13:24:19 [INFO]   project_microtype_model = False
2026-09-16 13:24:19 [INFO]   outputgenotypeproject = project_genotype_session.dill
2026-09-16 13:24:19 [INFO]   outputmicrotypeproject = project_microtype_session.dill
2026-09-16 13:24:19 [INFO]   maxMismatchesPSeq = 4
2026-09-16 13:24:19 [INFO]   minReads4Locus = 30
2026-09-16 13:24:19 [INFO]   minReads4Allele = 10
2026-09-16 13:24:19 [INFO]   smProp1H = 0.8
2026-09-16 13:24:19 [INFO]   smProp1L = 0.72
2026-09-16 13:24:19 [INFO]   mmProp1H = 0.8
2026-09-16 13:24:19 [INFO]   mmProp1L = 0.78
2026-09-16 13:24:19 [INFO]   mProp2 = 0.7
2026-09-16 13:24:19 [INFO]   maxRVs4Align = 6
2026-09-16 13:24:19 [INFO]   maxMismatchesPSeqSex = 4
2026-09-16 13:24:19 [INFO]   maxMismatchesRefSeqSex = 4
2026-09-16 13:24:19 [INFO]   yxRatio = 0.0001
2026-09-16 13:24:19 [INFO]   minReadsSexAllele = 10
2026-09-16 13:24:19 [INFO]   minReadsSexVariant = 5
2026-09-16 13:24:19 [INFO]   sex_analysis = False
2026-09-16 13:24:19 [INFO]   nanopore_default = False
2026-09-16 13:24:19 [INFO]   revcomloci = False
2026-09-16 13:24:19 [INFO]   revcomsex = False
2026-09-16 13:24:19 [INFO]   average_qual = 20
2026-09-16 13:24:19 [INFO]   length_required = 30
2026-09-16 13:24:19 [INFO]   thread = 10
2026-09-16 13:24:19 [INFO]   cur_microhap_input_file = /home/liup/project/data/smartyper/par/bc/out/All_sample_final_haplotype.txt
2026-09-16 13:24:19 [INFO]   pre_microhap_input_file = 
2026-09-16 13:24:19 [INFO]   post_microhap_output_dir = /home/liup/project/data/smartyper/par/bc/mt
2026-09-16 13:24:19 [INFO]   include_pre_mh = True
2026-09-16 13:24:19 [INFO]   has_pre_mh = False
2026-09-16 13:24:19 [INFO]   pro_figure = True
2026-09-16 13:24:19 [INFO]   ml_training_ratio = 0.8
2026-09-16 13:24:19 [INFO] Starting microhap processing. This could be slow and please be patient.....


2026-09-16 13:24:19 [INFO] ----------------------------------start step 1 out of 8---------------------------------------
2026-09-16 13:24:19 [INFO] starting to populate microhap dictionary for True
2026-09-16 13:24:19 [INFO] Populating current microhap dictionary...
2026-09-16 13:24:23 [INFO] populate_one_microhap_dict Processed 10 out of 224 markers...
2026-09-16 13:24:23 [INFO] Processed 10 out of 224 markers for current microhap dictionary...
2026-09-16 13:24:23 [INFO] populate_one_microhap_dict Processed 20 out of 224 markers...
2026-09-16 13:24:23 [INFO] Processed 20 out of 224 markers for current microhap dictionary...
2026-09-16 13:24:23 [INFO] populate_one_microhap_dict Processed 30 out of 224 markers...
2026-09-16 13:24:23 [INFO] Processed 30 out of 224 markers for current microhap dictionary...
2026-09-16 13:24:23 [INFO] populate_one_microhap_dict Processed 40 out of 224 markers...
2026-09-16 13:24:23 [INFO] Processed 40 out of 224 markers for current microhap dictionary...
2026-09-16 13:24:23 [INFO] populate_one_microhap_dict Processed 50 out of 224 markers...
2026-09-16 13:24:23 [INFO] Processed 50 out of 224 markers for current microhap dictionary...
2026-09-16 13:24:24 [INFO] populate_one_microhap_dict Processed 60 out of 224 markers...
2026-09-16 13:24:24 [INFO] Processed 60 out of 224 markers for current microhap dictionary...
2026-09-16 13:24:24 [INFO] populate_one_microhap_dict Processed 70 out of 224 markers...
2026-09-16 13:24:24 [INFO] Processed 70 out of 224 markers for current microhap dictionary...
2026-09-16 13:24:24 [INFO] populate_one_microhap_dict Processed 80 out of 224 markers...
2026-09-16 13:24:24 [INFO] Processed 80 out of 224 markers for current microhap dictionary...
2026-09-16 13:24:24 [INFO] populate_one_microhap_dict Processed 90 out of 224 markers...
2026-09-16 13:24:24 [INFO] Processed 90 out of 224 markers for current microhap dictionary...
2026-09-16 13:24:24 [INFO] populate_one_microhap_dict Processed 100 out of 224 markers...
2026-09-16 13:24:24 [INFO] Processed 100 out of 224 markers for current microhap dictionary...
2026-09-16 13:24:24 [INFO] populate_one_microhap_dict Processed 110 out of 224 markers...
2026-09-16 13:24:24 [INFO] Processed 110 out of 224 markers for current microhap dictionary...
2026-09-16 13:24:24 [INFO] populate_one_microhap_dict Processed 120 out of 224 markers...
2026-09-16 13:24:24 [INFO] Processed 120 out of 224 markers for current microhap dictionary...
2026-09-16 13:24:24 [INFO] populate_one_microhap_dict Processed 130 out of 224 markers...
2026-09-16 13:24:24 [INFO] Processed 130 out of 224 markers for current microhap dictionary...
2026-09-16 13:24:24 [INFO] populate_one_microhap_dict Processed 140 out of 224 markers...
2026-09-16 13:24:24 [INFO] Processed 140 out of 224 markers for current microhap dictionary...
2026-09-16 13:24:24 [INFO] populate_one_microhap_dict Processed 150 out of 224 markers...
2026-09-16 13:24:24 [INFO] Processed 150 out of 224 markers for current microhap dictionary...
2026-09-16 13:24:24 [INFO] populate_one_microhap_dict Processed 160 out of 224 markers...
2026-09-16 13:24:24 [INFO] Processed 160 out of 224 markers for current microhap dictionary...
2026-09-16 13:24:24 [INFO] populate_one_microhap_dict Processed 170 out of 224 markers...
2026-09-16 13:24:24 [INFO] Processed 170 out of 224 markers for current microhap dictionary...
2026-09-16 13:24:24 [INFO] populate_one_microhap_dict Processed 180 out of 224 markers...
2026-09-16 13:24:24 [INFO] Processed 180 out of 224 markers for current microhap dictionary...
2026-09-16 13:24:24 [INFO] populate_one_microhap_dict Processed 190 out of 224 markers...
2026-09-16 13:24:24 [INFO] Processed 190 out of 224 markers for current microhap dictionary...
2026-09-16 13:24:24 [INFO] populate_one_microhap_dict Processed 200 out of 224 markers...
2026-09-16 13:24:24 [INFO] Processed 200 out of 224 markers for current microhap dictionary...
2026-09-16 13:24:24 [INFO] populate_one_microhap_dict Processed 210 out of 224 markers...
2026-09-16 13:24:24 [INFO] Processed 210 out of 224 markers for current microhap dictionary...
2026-09-16 13:24:24 [INFO] populate_one_microhap_dict Processed 220 out of 224 markers...
2026-09-16 13:24:24 [INFO] Processed 220 out of 224 markers for current microhap dictionary...
2026-09-16 13:24:24 [INFO] finished to populate microhap dictionary
2026-09-16 13:24:24 [INFO] Finished populating current microhap dictionary.
2026-09-16 13:24:24 [INFO] -----------------------------------end  step 1 out of 8----------------------------------------


2026-09-16 13:24:24 [INFO] ----------------------------------start step 2 out of 8---------------------------------------
2026-09-16 13:24:24 [INFO] starting to populate_microhap_dict
2026-09-16 13:24:24 [INFO] Starting to populate post microhap dictionary...
2026-09-16 13:24:24 [INFO] populate_microhap_dict Processed 10 out of 224 markers...
2026-09-16 13:24:24 [INFO] Processed 10 out of 224 marker for post microhap...
2026-09-16 13:24:24 [INFO] populate_microhap_dict Processed 20 out of 224 markers...
2026-09-16 13:24:24 [INFO] Processed 20 out of 224 marker for post microhap...
2026-09-16 13:24:24 [INFO] populate_microhap_dict Processed 30 out of 224 markers...
2026-09-16 13:24:24 [INFO] Processed 30 out of 224 marker for post microhap...
2026-09-16 13:24:24 [INFO] populate_microhap_dict Processed 40 out of 224 markers...
2026-09-16 13:24:24 [INFO] Processed 40 out of 224 marker for post microhap...
2026-09-16 13:24:24 [INFO] populate_microhap_dict Processed 50 out of 224 markers...
2026-09-16 13:24:24 [INFO] Processed 50 out of 224 marker for post microhap...
2026-09-16 13:24:24 [INFO] populate_microhap_dict Processed 60 out of 224 markers...
2026-09-16 13:24:24 [INFO] Processed 60 out of 224 marker for post microhap...
2026-09-16 13:24:24 [INFO] populate_microhap_dict Processed 70 out of 224 markers...
2026-09-16 13:24:24 [INFO] Processed 70 out of 224 marker for post microhap...
2026-09-16 13:24:24 [INFO] populate_microhap_dict Processed 80 out of 224 markers...
2026-09-16 13:24:24 [INFO] Processed 80 out of 224 marker for post microhap...
2026-09-16 13:24:24 [INFO] populate_microhap_dict Processed 90 out of 224 markers...
2026-09-16 13:24:24 [INFO] Processed 90 out of 224 marker for post microhap...
2026-09-16 13:24:24 [INFO] populate_microhap_dict Processed 100 out of 224 markers...
2026-09-16 13:24:24 [INFO] Processed 100 out of 224 marker for post microhap...
2026-09-16 13:24:24 [INFO] populate_microhap_dict Processed 110 out of 224 markers...
2026-09-16 13:24:24 [INFO] Processed 110 out of 224 marker for post microhap...
2026-09-16 13:24:24 [INFO] populate_microhap_dict Processed 120 out of 224 markers...
2026-09-16 13:24:24 [INFO] Processed 120 out of 224 marker for post microhap...
2026-09-16 13:24:24 [INFO] populate_microhap_dict Processed 130 out of 224 markers...
2026-09-16 13:24:24 [INFO] Processed 130 out of 224 marker for post microhap...
2026-09-16 13:24:24 [INFO] populate_microhap_dict Processed 140 out of 224 markers...
2026-09-16 13:24:24 [INFO] Processed 140 out of 224 marker for post microhap...
2026-09-16 13:24:24 [INFO] populate_microhap_dict Processed 150 out of 224 markers...
2026-09-16 13:24:24 [INFO] Processed 150 out of 224 marker for post microhap...
2026-09-16 13:24:24 [INFO] populate_microhap_dict Processed 160 out of 224 markers...
2026-09-16 13:24:24 [INFO] Processed 160 out of 224 marker for post microhap...
2026-09-16 13:24:24 [INFO] populate_microhap_dict Processed 170 out of 224 markers...
2026-09-16 13:24:24 [INFO] Processed 170 out of 224 marker for post microhap...
2026-09-16 13:24:24 [INFO] populate_microhap_dict Processed 180 out of 224 markers...
2026-09-16 13:24:24 [INFO] Processed 180 out of 224 marker for post microhap...
2026-09-16 13:24:24 [INFO] populate_microhap_dict Processed 190 out of 224 markers...
2026-09-16 13:24:24 [INFO] Processed 190 out of 224 marker for post microhap...
2026-09-16 13:24:24 [INFO] populate_microhap_dict Processed 200 out of 224 markers...
2026-09-16 13:24:24 [INFO] Processed 200 out of 224 marker for post microhap...
2026-09-16 13:24:24 [INFO] populate_microhap_dict Processed 210 out of 224 markers...
2026-09-16 13:24:24 [INFO] Processed 210 out of 224 marker for post microhap...
2026-09-16 13:24:24 [INFO] populate_microhap_dict Processed 220 out of 224 markers...
2026-09-16 13:24:24 [INFO] Processed 220 out of 224 marker for post microhap...
2026-09-16 13:24:24 [INFO] Finished populating post microhap dictionary.
2026-09-16 13:24:24 [INFO] finished to populate post microhap dictionary
2026-09-16 13:24:24 [INFO] -----------------------------------end step 2 out of 8----------------------------------------


2026-09-16 13:24:24 [INFO] ----------------------------------start step 3 out of 8---------------------------------------
2026-09-16 13:24:24 [INFO] Performing sequence alignment...
2026-09-16 13:24:24 [INFO] Performing sequence alignment...
2026-09-16 13:24:31 [INFO] perform_seq_alignment Processed 10 out of 224 markers...
2026-09-16 13:24:31 [INFO] Processed 10 out of 224 markers for sequence alignment...
2026-09-16 13:24:34 [INFO] perform_seq_alignment Processed 20 out of 224 markers...
2026-09-16 13:24:34 [INFO] Processed 20 out of 224 markers for sequence alignment...
2026-09-16 13:24:37 [INFO] perform_seq_alignment Processed 30 out of 224 markers...
2026-09-16 13:24:37 [INFO] Processed 30 out of 224 markers for sequence alignment...
2026-09-16 13:24:39 [INFO] perform_seq_alignment Processed 40 out of 224 markers...
2026-09-16 13:24:39 [INFO] Processed 40 out of 224 markers for sequence alignment...
2026-09-16 13:24:43 [INFO] perform_seq_alignment Processed 50 out of 224 markers...
2026-09-16 13:24:43 [INFO] Processed 50 out of 224 markers for sequence alignment...
2026-09-16 13:24:44 [INFO] perform_seq_alignment Processed 60 out of 224 markers...
2026-09-16 13:24:44 [INFO] Processed 60 out of 224 markers for sequence alignment...
2026-09-16 13:24:44 [INFO] perform_seq_alignment Processed 70 out of 224 markers...
2026-09-16 13:24:44 [INFO] Processed 70 out of 224 markers for sequence alignment...
2026-09-16 13:24:45 [INFO] perform_seq_alignment Processed 80 out of 224 markers...
2026-09-16 13:24:45 [INFO] Processed 80 out of 224 markers for sequence alignment...
2026-09-16 13:24:46 [INFO] perform_seq_alignment Processed 90 out of 224 markers...
2026-09-16 13:24:46 [INFO] Processed 90 out of 224 markers for sequence alignment...
2026-09-16 13:24:47 [INFO] perform_seq_alignment Processed 100 out of 224 markers...
2026-09-16 13:24:47 [INFO] Processed 100 out of 224 markers for sequence alignment...
2026-09-16 13:24:47 [INFO] perform_seq_alignment Processed 110 out of 224 markers...
2026-09-16 13:24:47 [INFO] Processed 110 out of 224 markers for sequence alignment...
2026-09-16 13:24:48 [INFO] perform_seq_alignment Processed 120 out of 224 markers...
2026-09-16 13:24:48 [INFO] Processed 120 out of 224 markers for sequence alignment...
2026-09-16 13:24:49 [INFO] perform_seq_alignment Processed 130 out of 224 markers...
2026-09-16 13:24:49 [INFO] Processed 130 out of 224 markers for sequence alignment...
2026-09-16 13:24:50 [INFO] perform_seq_alignment Processed 140 out of 224 markers...
2026-09-16 13:24:50 [INFO] Processed 140 out of 224 markers for sequence alignment...
2026-09-16 13:24:51 [INFO] perform_seq_alignment Processed 150 out of 224 markers...
2026-09-16 13:24:51 [INFO] Processed 150 out of 224 markers for sequence alignment...
2026-09-16 13:24:51 [INFO] perform_seq_alignment Processed 160 out of 224 markers...
2026-09-16 13:24:51 [INFO] Processed 160 out of 224 markers for sequence alignment...
2026-09-16 13:24:52 [INFO] perform_seq_alignment Processed 170 out of 224 markers...
2026-09-16 13:24:52 [INFO] Processed 170 out of 224 markers for sequence alignment...
2026-09-16 13:24:53 [INFO] perform_seq_alignment Processed 180 out of 224 markers...
2026-09-16 13:24:53 [INFO] Processed 180 out of 224 markers for sequence alignment...
2026-09-16 13:24:54 [INFO] perform_seq_alignment Processed 190 out of 224 markers...
2026-09-16 13:24:54 [INFO] Processed 190 out of 224 markers for sequence alignment...
2026-09-16 13:24:54 [INFO] perform_seq_alignment Processed 200 out of 224 markers...
2026-09-16 13:24:54 [INFO] Processed 200 out of 224 markers for sequence alignment...
2026-09-16 13:24:55 [INFO] perform_seq_alignment Processed 210 out of 224 markers...
2026-09-16 13:24:55 [INFO] Processed 210 out of 224 markers for sequence alignment...
2026-09-16 13:24:56 [INFO] perform_seq_alignment Processed 220 out of 224 markers...
2026-09-16 13:24:56 [INFO] Processed 220 out of 224 markers for sequence alignment...
2026-09-16 13:24:57 [INFO] finished sequence alignment...
2026-09-16 13:24:57 [INFO] Finished sequence alignment.
2026-09-16 13:24:57 [INFO] -----------------------------------end step 3 out of 8----------------------------------------


2026-09-16 13:24:57 [INFO] ----------------------------------start step 4 out of 8---------------------------------------
2026-09-16 13:24:57 [INFO] starting populate_final_mar_mh_df_dict
2026-09-16 13:24:57 [INFO] Populating final microhap DataFrame dictionary...
2026-09-16 13:25:02 [INFO] populate_final_mar_mh_df_dict Processed 10 out of 224 markers for final microhap...
2026-09-16 13:25:02 [INFO] Processed 10 out of 224 markers for final microhap...
2026-09-16 13:25:02 [INFO] populate_final_mar_mh_df_dict Processed 20 out of 224 markers for final microhap...
2026-09-16 13:25:02 [INFO] Processed 20 out of 224 markers for final microhap...
2026-09-16 13:25:02 [INFO] populate_final_mar_mh_df_dict Processed 30 out of 224 markers for final microhap...
2026-09-16 13:25:02 [INFO] Processed 30 out of 224 markers for final microhap...
2026-09-16 13:25:02 [INFO] populate_final_mar_mh_df_dict Processed 40 out of 224 markers for final microhap...
2026-09-16 13:25:02 [INFO] Processed 40 out of 224 markers for final microhap...
2026-09-16 13:25:02 [INFO] populate_final_mar_mh_df_dict Processed 50 out of 224 markers for final microhap...
2026-09-16 13:25:02 [INFO] Processed 50 out of 224 markers for final microhap...
2026-09-16 13:25:02 [INFO] populate_final_mar_mh_df_dict Processed 60 out of 224 markers for final microhap...
2026-09-16 13:25:02 [INFO] Processed 60 out of 224 markers for final microhap...
2026-09-16 13:25:02 [INFO] populate_final_mar_mh_df_dict Processed 70 out of 224 markers for final microhap...
2026-09-16 13:25:02 [INFO] Processed 70 out of 224 markers for final microhap...
2026-09-16 13:25:02 [INFO] populate_final_mar_mh_df_dict Processed 80 out of 224 markers for final microhap...
2026-09-16 13:25:02 [INFO] Processed 80 out of 224 markers for final microhap...
2026-09-16 13:25:02 [INFO] populate_final_mar_mh_df_dict Processed 90 out of 224 markers for final microhap...
2026-09-16 13:25:02 [INFO] Processed 90 out of 224 markers for final microhap...
2026-09-16 13:25:02 [INFO] populate_final_mar_mh_df_dict Processed 100 out of 224 markers for final microhap...
2026-09-16 13:25:02 [INFO] Processed 100 out of 224 markers for final microhap...
2026-09-16 13:25:02 [INFO] populate_final_mar_mh_df_dict Processed 110 out of 224 markers for final microhap...
2026-09-16 13:25:02 [INFO] Processed 110 out of 224 markers for final microhap...
2026-09-16 13:25:02 [INFO] populate_final_mar_mh_df_dict Processed 120 out of 224 markers for final microhap...
2026-09-16 13:25:02 [INFO] Processed 120 out of 224 markers for final microhap...
2026-09-16 13:25:02 [INFO] populate_final_mar_mh_df_dict Processed 130 out of 224 markers for final microhap...
2026-09-16 13:25:02 [INFO] Processed 130 out of 224 markers for final microhap...
2026-09-16 13:25:02 [INFO] populate_final_mar_mh_df_dict Processed 140 out of 224 markers for final microhap...
2026-09-16 13:25:02 [INFO] Processed 140 out of 224 markers for final microhap...
2026-09-16 13:25:02 [INFO] populate_final_mar_mh_df_dict Processed 150 out of 224 markers for final microhap...
2026-09-16 13:25:02 [INFO] Processed 150 out of 224 markers for final microhap...
2026-09-16 13:25:02 [INFO] populate_final_mar_mh_df_dict Processed 160 out of 224 markers for final microhap...
2026-09-16 13:25:02 [INFO] Processed 160 out of 224 markers for final microhap...
2026-09-16 13:25:02 [INFO] populate_final_mar_mh_df_dict Processed 170 out of 224 markers for final microhap...
2026-09-16 13:25:02 [INFO] Processed 170 out of 224 markers for final microhap...
2026-09-16 13:25:02 [INFO] populate_final_mar_mh_df_dict Processed 180 out of 224 markers for final microhap...
2026-09-16 13:25:02 [INFO] Processed 180 out of 224 markers for final microhap...
2026-09-16 13:25:02 [INFO] populate_final_mar_mh_df_dict Processed 190 out of 224 markers for final microhap...
2026-09-16 13:25:02 [INFO] Processed 190 out of 224 markers for final microhap...
2026-09-16 13:25:02 [INFO] populate_final_mar_mh_df_dict Processed 200 out of 224 markers for final microhap...
2026-09-16 13:25:02 [INFO] Processed 200 out of 224 markers for final microhap...
2026-09-16 13:25:02 [INFO] populate_final_mar_mh_df_dict Processed 210 out of 224 markers for final microhap...
2026-09-16 13:25:02 [INFO] Processed 210 out of 224 markers for final microhap...
2026-09-16 13:25:02 [INFO] populate_final_mar_mh_df_dict Processed 220 out of 224 markers for final microhap...
2026-09-16 13:25:02 [INFO] Processed 220 out of 224 markers for final microhap...
2026-09-16 13:25:03 [INFO] Total markers submitted: 224, completed: 224 for final microhap
2026-09-16 13:25:03 [INFO] -----------------------------------end step 4 out of 8----------------------------------------


2026-09-16 13:25:03 [INFO] ----------------------------------start step 5 out of 8---------------------------------------
2026-09-16 13:25:03 [INFO] Total markers submitted: 0, completed: 0 for final microhap
2026-09-16 13:25:03 [INFO] -----------------------------------end step 5 out of 8----------------------------------------


2026-09-16 13:25:03 [INFO] ----------------------------------start step 6 out of 8---------------------------------------
2026-09-16 13:25:03 [INFO] starting to generate microhaps figs for each marker
2026-09-16 13:25:03 [INFO] starting to generate microhaps figs for each marker!
2026-09-16 13:25:09 [INFO] Finished processing 10 out of 224 markers for microhap ploting....
2026-09-16 13:25:10 [INFO] Finished processing 20 out of 224 markers for microhap ploting....
2026-09-16 13:25:10 [INFO] Finished processing 30 out of 224 markers for microhap ploting....
2026-09-16 13:25:11 [INFO] Finished processing 40 out of 224 markers for microhap ploting....
2026-09-16 13:25:12 [INFO] Finished processing 50 out of 224 markers for microhap ploting....
2026-09-16 13:25:12 [INFO] Finished processing 60 out of 224 markers for microhap ploting....
2026-09-16 13:25:13 [INFO] Finished processing 70 out of 224 markers for microhap ploting....
2026-09-16 13:25:14 [INFO] Finished processing 80 out of 224 markers for microhap ploting....
2026-09-16 13:25:14 [INFO] Finished processing 90 out of 224 markers for microhap ploting....
2026-09-16 13:25:15 [INFO] Finished processing 100 out of 224 markers for microhap ploting....
2026-09-16 13:25:15 [INFO] Finished processing 110 out of 224 markers for microhap ploting....
2026-09-16 13:25:16 [INFO] Finished processing 120 out of 224 markers for microhap ploting....
2026-09-16 13:25:17 [INFO] Finished processing 130 out of 224 markers for microhap ploting....
2026-09-16 13:25:17 [INFO] Finished processing 140 out of 224 markers for microhap ploting....
2026-09-16 13:25:18 [INFO] Finished processing 150 out of 224 markers for microhap ploting....
2026-09-16 13:25:18 [INFO] Finished processing 160 out of 224 markers for microhap ploting....
2026-09-16 13:25:19 [INFO] Finished processing 170 out of 224 markers for microhap ploting....
2026-09-16 13:25:20 [INFO] Finished processing 180 out of 224 markers for microhap ploting....
2026-09-16 13:25:20 [INFO] Finished processing 190 out of 224 markers for microhap ploting....
2026-09-16 13:25:21 [INFO] Finished processing 200 out of 224 markers for microhap ploting....
2026-09-16 13:25:21 [INFO] Finished processing 210 out of 224 markers for microhap ploting....
2026-09-16 13:25:22 [INFO] Finished processing 220 out of 224 markers for microhap ploting....
2026-09-16 13:25:23 [INFO] finished to generate microtypes figs for each marker!
2026-09-16 13:25:23 [INFO] finished to generate microtypes figs for each marker!
2026-09-16 13:25:23 [INFO] -----------------------------------end step 6 out of 8----------------------------------------


2026-09-16 13:25:23 [INFO] ----------------------------------start step 7 out of 8---------------------------------------
2026-09-16 13:25:23 [INFO] starting to generate microhaps figs for each sample!
2026-09-16 13:25:23 [INFO] starting to generate microhaps figs for each sample!
2026-09-16 13:25:31 [INFO] finished to generate microtypes figs for each sample!
2026-09-16 13:25:31 [INFO] finished to generate microtypes figs for each sample!
2026-09-16 13:25:31 [INFO] -----------------------------------end step 7 out of 8----------------------------------------


2026-09-16 13:25:31 [INFO] ----------------------------------start step 8 out of 8---------------------------------------
2026-09-16 13:25:31 [INFO] Starting to dump session for project: microtype
2026-09-16 13:25:31 [INFO] Starting to dump session for project: microtype
2026-09-16 13:25:32 [INFO] Session successfully saved to: /home/liup/project/data/smartyper/par/bc/mt/project_microtype_session.dill
2026-09-16 13:25:32 [INFO] Session successfully saved to: /home/liup/project/data/smartyper/par/bc/mt/project_microtype_session.dill
2026-09-16 13:25:32 [INFO] -----------------------------------end step 8 out of 8----------------------------------------


2026-09-16 13:25:32 [INFO] Microhap processing completed successfully. Please click 'Next' to proceed.
2026-09-16 13:25:32 [INFO] Total elapsed time: 1m 12s
2026-09-16 13:25:32 [INFO] Run summary - microtype run: step elapsed time = 72.71s, total session time so far = 409.85s, total active time so far = 314.34s, peak memory = 1291.82 MB
2026-09-16 13:25:46 [INFO] saving seq logo fig for 10_20484984
2026-09-16 13:26:10 [INFO] saving seq logo fig for 10_650959
2026-09-16 13:26:19 [INFO] Application session summary: total elapsed time = 456.63s, active (running) time = 314.34s, idle time = 142.28s, peak memory = 1291.82 MB, OS = Ubuntu 24.04.4 LTS (x86_64), CPU = 12th Gen Intel(R) Core(TM) i5-1245U @ 2496.0 MHz, CPU threads = 12, total memory = 31.04 GB, memory speed = unavailable (requires root/dmidecode), memory = unavailable (requires root/dmidecode), memory bandwidth = 2480.4 MB/s (measured), disk free = 878.34 / 1006.85 GB, disk drive = Msft Virtual Disk, disk speed = 525.9 MB/s (measured)
